
──────── ①普通回合 ────────
第 8 回合：水蓝蓝（300/348 血，能量 3），对手是鸭吉吉（452/452 血）。首选行动：出「龙血」（引擎给的合法动作：龙血）。为什么是它：引擎把这一回合的双方应对算过一遍（12 个分支），推荐的就是这一项，而且推荐在多个分析种子里是稳的。收益：按未核验公式估 120~160 点；对面剩 452 血，这一下收不掉。主要风险：对面换人可以先躲掉这一下（换人比技能先动）；估算来自未核验公式。备选：突袭（按未核验公式估 80~100 点）；火神（换上去 420 血）。以上都来自这一轮的公开局面与引擎估算（不是胜率）；我不会自动替你出招，采用与否由你决定。
  legalActionId=skill#龙血  alternates=["skill#突袭","switch#1"]

──────── ②对手换上新精灵 ────────
第 9 回合：水蓝蓝（300/348 血，能量 3），对手是雪影娃娃（140/380 血）。首选行动：出「突袭」（引擎给的合法动作：突袭）。为什么是它：引擎把这一回合的双方应对算过一遍（12 个分支），推荐的就是这一项，而且推荐在多个分析种子里是稳的。收益：按未核验公式估 80~100 点；对面剩 140 血，这一下收不掉。主要风险：对面换人可以先躲掉这一下（换人比技能先动）；估算来自未核验公式。备选：龙血（按未核验公式估 120~160 点）；火神（换上去 420 血）。以上都来自这一轮的公开局面与引擎估算（不是胜率）；我不会自动替你出招，采用与否由你决定。
  legalActionId=skill#突袭  alternates=["skill#龙血","switch#1"]

──────── ③低血量危险 ────────
第 11 回合：水蓝蓝（48/348 血，能量 3），对手是鸭吉吉（452/452 血）。首选行动：换火神上场（引擎给的合法动作：换上第2位）。为什么是它：场上这只血量已经到底（48/348），后备里有更厚的伙伴。收益：换火神上来（420/420 血）；这一手会把回合用掉。主要风险：换人这一手虽然先动，但上来的那只照样要吃对面这一下。备选：龙血（按未核验公式估 120~160 点）。以上都来自这一轮的公开局面与引擎估算（不是胜率）；我不会自动替你出招，采用与否由你决定。
  legalActionId=switch#1  alternates=["skill#龙血"]

──────── ④己方倒下强制换人 ────────
第 13 回合：水蓝蓝（0/348 血，能量 0），对手是鸭吉吉（452/452 血）。首选行动：换火神上场（引擎给的合法动作：换上第2位）。为什么是它：场上的伙伴已经倒下，这一手只能补位，没有别的选择。收益：换火神上来（420/420 血）；补位不占回合。主要风险：补上来的这只这一轮就要接对面的手（鸭吉吉）。备选：恶魔叮（换上去 300 血）。以上都来自这一轮的公开局面与引擎估算（不是胜率）；我不会自动替你出招，采用与否由你决定。
  legalActionId=switch#1  alternates=["switch#2"]

──────── ⑤能量不足 ────────
第 15 回合：水蓝蓝（300/348 血，能量 0），对手是鸭吉吉（200/452 血）。首选行动：出「使用能量果」（引擎给的合法动作：使用能量果）。为什么是它：按引擎这一轮的估算，「灭世龙炎」能打出 200~240（对面剩 200 血），但这一轮它不在合法动作里 —— 引擎没把它列出来（你现在 0 点能量，上限 6）。收益：吃道具占这一回合，之后不能再出招（回血/回能立刻结算）。主要风险：这一轮只能先用「突袭」顶过去，对面会趁这一轮压过来。备选：突袭（按未核验公式估 30~40 点）。我这里不知道的：「灭世龙炎」这一轮放不出来的确切原因（快照里没有能耗表，只看得到它不在合法集合里）；这一只的能耗表（所以我不说「还差几点能量」）。以上都来自这一轮的公开局面与引擎估算（不是胜率）；我不会自动替你出招，采用与否由你决定。
  legalActionId=item#使用能量果  alternates=["skill#突袭"]

──────── ⑥无模型本地档 ────────
能量 3），对手是鸭吉吉（452/452 血）。首选行动：出「龙血」（引擎给的合法动作：龙血）。为什么是它：引擎把这一回合的双方应对算过一遍（12 个分支），推荐的就是这一项，而且推荐在多个分析种子里是稳的。收益：按未核验公式估 120~160 点；对面剩 452 血，这一下收不掉。主要风险：对面换人可以先躲掉这一下（换人比技能先动）；估算来自未核验公式。备选：突袭（按未核验公式估 80~100 点）；火神（换上去 420 血）。以上都来自这一轮的公开局面与引擎估算（不是胜率）；我不会自动替你出招，采用与否由你决定。
  provider=local legalActionId=skill#龙血

──────── ⑦模型连通档（模型给了无结论回答）────────
第 8 回合：水蓝蓝（300/348 血，能量 3），对手是鸭吉吉（452/452 血）。首选行动：出「龙血」（引擎给的合法动作：龙血）。为什么是它：引擎把这一回合的双方应对算过一遍（12 个分支），推荐的就是这一项，而且推荐在多个分析种子里是稳的。收益：按未核验公式估 120~160 点；对面剩 452 血，这一下收不掉。主要风险：对面换人可以先躲掉这一下（换人比技能先动）；估算来自未核验公式。备选：突袭（按未核验公式估 80~100 点）；火神（换上去 420 血）。以上都来自这一轮的公开局面与引擎估算（不是胜率）；我不会自动替你出招，采用与否由你决定。
  provider=local-fallback adviceEnforced={"reason":"answer-missing-legal-action","actionLabel":"龙血","legalActionId":"skill#龙血","check":"deliverable-advice"}
✔ ①–⑤ 五个局面：每条建议都必须点出「合法集合里的首选行动」+ 理由 + 收益 + 风险 (2.334583ms)
✔ 标识稳定性：同一个动作换个数组位置，legalActionId 一个字都不许变（下标会漂 ⇒ 必红） (0.29075ms)
✔ ③ 低血量与 ④ 补位：首选行动必须是**合法且存活**的那一只（不许点已倒下的） (0.173167ms)
✔ ⑤ 能量不足：说清「想放的那一招这一轮不在合法动作里」，并且首选仍然是合法的那一条 (0.095125ms)
✔ ② 状态一变，旧建议就失效：局面版本/指纹变了、与旧局面不同版的那份规划不许再被引用 (5.48925ms)
✔ ⑥ 无模型本地档：默认 provider 下也必须给出首选行动（不是「我不替你挑」） (1.093917ms)
✔ ⑦ 模型连通档：模型没点出那一手 ⇒ 换成交付确定性建议（确定性保障真的生效） (0.947833ms)
✔ 反证：撤掉 roco_battle 之后必须**不再**给具体建议（这一条会红，如果建议是模板而非局面） (1.26225ms)
✔ 建议问句形状：只收「现在做什么 / 这一手怎么打 / 换谁」，事实问句不许被吞 (0.351208ms)
✔ U09：主动气泡不再有无信息文案，内部理由不上屏，explicit 不吃预算 (1.28675ms)

──────── 端到端 ①普通回合（HTTP 200）────────
能量 3），对手是鸭吉吉（452/452 血）。首选行动：出「龙血」（引擎给的合法动作：龙血）。为什么是它：引擎把这一回合的双方应对算过一遍（12 个分支），推荐的就是这一项，而且推荐在多个分析种子里是稳的。收益：按未核验公式估 120~160 点；对面剩 452 血，这一下收不掉。主要风险：对面换人可以先躲掉这一下（换人比技能先动）；估算来自未核验公式。备选：突袭（按未核验公式估 80~100 点）；火神（换上去 420 血）。以上都来自这一轮的公开局面与引擎估算（不是胜率）；我不会自动替你出招，采用与否由你决定。
  rocoAdvice.legalActionId=skill#龙血

──────── 端到端 ②对手换上新精灵（HTTP 200）────────
能量 3），首选行动：出「突袭」（引擎给的合法动作：突袭）。为什么是它：引擎把这一回合的双方应对算过一遍（12 个分支），推荐的就是这一项，而且推荐在多个分析种子里是稳的。收益：按未核验公式估 80~100 点；对面剩 140 血，这一下收不掉。主要风险：对面换人可以先躲掉这一下（换人比技能先动）；估算来自未核验公式。备选：龙血（按未核验公式估 120~160 点）；火神（换上去 420 血）。以上都来自这一轮的公开局面与引擎估算（不是胜率）；我不会自动替你出招，采用与否由你决定。
  rocoAdvice.legalActionId=skill#突袭

──────── 端到端 ③低血量危险（HTTP 200）────────
能量 3），对手是鸭吉吉（452/452 血）。首选行动：换火神上场（引擎给的合法动作：换上第2位）。为什么是它：场上这只血量已经到底（48/348），后备里有更厚的伙伴。收益：换火神上来（420/420 血）；这一手会把回合用掉。主要风险：换人这一手虽然先动，但上来的那只照样要吃对面这一下。备选：龙血（按未核验公式估 120~160 点）。以上都来自这一轮的公开局面与引擎估算（不是胜率）；我不会自动替你出招，采用与否由你决定。
  rocoAdvice.legalActionId=switch#1

──────── 端到端 ④己方倒下强制换人（HTTP 200）────────
第 13 回合：水蓝蓝（0/348 血，能量 0），对手是鸭吉吉（452/452 血）。首选行动：换火神上场（引擎给的合法动作：换上第2位）。为什么是它：场上的伙伴已经倒下，这一手只能补位，没有别的选择。收益：换火神上来（420/420 血）；补位不占回合。主要风险：补上来的这只这一轮就要接对面的手（鸭吉吉）。备选：恶魔叮（换上去 300 血）。以上都来自这一轮的公开局面与引擎估算（不是胜率）；我不会自动替你出招，采用与否由你决定。
  rocoAdvice.legalActionId=switch#1

──────── 端到端 ⑤能量不足（HTTP 200）────────
能量 0），首选行动：出「使用能量果」（引擎给的合法动作：使用能量果）。为什么是它：按引擎这一轮的估算，「灭世龙炎」能打出 200~240（对面剩 200 血），但这一轮它不在合法动作里 —— 引擎没把它列出来（你现在 0 点能量，上限 6）。收益：吃道具占这一回合，之后不能再出招（回血/回能立刻结算）。主要风险：这一轮只能先用「突袭」顶过去，对面会趁这一轮压过来。备选：突袭（按未核验公式估 30~40 点）。我这里不知道的：「灭世龙炎」这一轮放不出来的确切原因（快照里没有能耗表，只看得到它不在合法集合里）；这一只的能耗表（所以我不说「还差几点能量」）。以上都来自这一轮的公开局面与引擎估算（不是胜率）；我不会自动替你出招，采用与否由你决定。
  rocoAdvice.legalActionId=item#使用能量果

──────── 端到端反证（无 roco_battle）────────
开一局之后，我才能按当前血量、能量和队伍比较这一手。
  rocoAdvice 键存在=false

──────── U09 兜底（检波器都不够、判决 decisive）────────
kind=primary-action action=skill#s1
第 4 回合：音速犬（110/366 血，能量 3），对手是黑猫巫师（300/474 血）。首选行动：出「火花」（引擎给的合法动作：火花）。为什么是它：这一轮没有可比较的伤害估算（包里没有引擎的规划），所以只按「现在就能出手」挑：它是合法招里的第一条。收益：这一条是现在就能出手的合法行动（这一轮没有它的伤害估算）。主要风险：对面换人可以先躲掉这一下（换人比技能先动）；这一手没有伤害估算，打多少要打完才知道。备选：圆号鱼（换上去 150 血）。我这里不知道的：这一手的伤害估算（这一轮没有 damage_preview）；对手这一回合会做什么。以上都来自这一轮的公开局面与引擎估算（不是胜率）；我不会自动替你出招，采用与否由你决定。

──────── U09 倒下 × 额度用尽（逐字）────────
「海豹船长」倒了，换「黑猫巫师」顶上：对面「水灵」还在场，补位别一上来就挨打
  action=action_hint budget=null unavoidable=true legalActionId=switch#2
✔ 端到端（临时实例 + 真 HTTP）：/api/coach 的回答里带 rocoAdvice，且首选行动就在合法集合里 (134.850292ms)
✔ U09 兜底：补位的触发条件是引擎的 needs_replacement（对手补位≠我方倒下）；判决要说话时必须有建议或写明是谁拦的 (0.400709ms)
✔ U09 兜底：判决要说话而检波器一条都不够时，确定性兜底必须给出一条合法首选行动 (0.221375ms)
✔ U09 硬要求：我方倒下那一手**穿过**额度与冷却，点名一个合法存活对象；没有合法后备时如实沉默 (0.186ms)
✔ U09：同一个局面被渲染两次时，决定性那一手的建议必须**幂等**（不许被自己的去重撤下来） (0.177333ms)
✔ 结构性：建议层是纯的（没有 node:* / fetch / DOM / 动作提交），不许自动替玩家出招 (0.25925ms)
✔ model phrasing of a pure comparison does not require an executable action (0.507833ms)
✔ an unreadable comparison remains a clarification rather than action fallback (0.052375ms)
✔ recommendations still enforce an invalid action contract (0.090833ms)
ℹ tests 19
ℹ suites 0
ℹ pass 19
ℹ fail 0
ℹ cancelled 0
ℹ skipped 0
ℹ todo 0
ℹ duration_ms 223.579875
