
> test:roco-quality
> node --test --test-concurrency=1 tests/replacement-practice.test.js tests/roco-quality-20261006.test.js tests/roco-quality-adoption-20261006.test.js tests/roco-quality-capability-20261006.test.js tests/roco-quality-final-wording-20261006.test.js tests/roco-quality-latest-source-20261006.test.js tests/roco-quality-transport-20261006.test.js tests/teacher-decision-identity.test.js tests/learning-loop-natural.test.js tests/roco-explicit-intent-20261006.test.js

✔ saved natural selected switch lesson can reach a source without changing goal (1.229166ms)
✔ switch source rejects missing or mismatched decision and public source identities (0.658334ms)
✔ replacement uses event-time public field, never terminal slot or name (0.416833ms)
✔ replacement cannot use a missing event-time disclosure or ambiguous receipt (0.124041ms)
✔ actual public snapshot producer keeps only disclosed field and rejects wrong receipt identity (0.18075ms)
✔ source version remains the decision while current terminal version gates submission (0.099084ms)
✔ only complete six-pet public replacement sequence permits a source (1.050333ms)
✔ changed public condition changes correct choice, not just option order (0.257333ms)
✔ explicit correct/wrong and hinted outcomes; repeat counts once; source survives read (1.064791ms)
✔ old match/version, running battle and invalid choices cannot write attempt (0.081666ms)
✔ next match without replacement is unknown, not improvement (0.897708ms)
✔ explicit light attack binds named pair rather than current fire opponent (9.723792ms)
✔ player numbers are not evidence; non-light condition keeps its type unknown (0.940875ms)
✔ recommendation with current turn, legal first choice and risk routes to battle advice (2.158333ms)
✔ comparison does not substitute wrong-type evidence or trust invented values (0.094167ms)
✔ unknown public types and missing live legal actions never invent results (0.867292ms)
✔ negated or multiple incoming types require clarification rather than current foe substitution (1.123917ms)
✔ existing who-tanks wording binds named pair and retains current public fire type (0.429125ms)
✔ existing who-tanks wording with explicit light binds the requested type (0.287166ms)
✔ all frozen single attack type labels survive parsing through runCoach (2.546417ms)
✔ named pairs change actual evidence and never choose whole-team extremes (0.983542ms)
✔ missing named reading cannot substitute an unrelated pet (0.109958ms)
✔ duplicate public name is ambiguous and cannot silently bind a species id (0.064916ms)
✔ unnamed comparison asks for exactly two objects (0.064625ms)
✔ equal multipliers do not imply equal damage (0.076541ms)
✔ different incoming types cannot be ranked as one hit (0.0755ms)
✔ real runtime consumes message bound comparison rather than recommending (7.680083ms)
✔ comparison text cannot become an actionable recommendation card in real UI consumer (3.533958ms)
✔ actual adoption handler blocks still-legal action from previous battle (1.167ms)
✔ actual adoption handler blocks still-legal action from previous state after switch (0.234958ms)
✔ actual adoption handler rejects unversioned or illegal advice (0.203666ms)
✔ view never executes; fresh adopted card and cloned duplicate execute once (0.248792ms)
✔ battleAdvice recommendation carries actual battle identity and version (1.086ms)
✔ late-response stamp changes on new match, version and active pet; ordinary context remains stable (0.075416ms)
✔ current Roco battle identity cannot fall back to previous lastMatch id (10.085042ms)
✔ explicit previous match request uses history and never describes it as current (5.139708ms)
✔ empty or invalid historical records cannot become a previous match (0.198333ms)
✔ actual answer evidence distinguishes fallback, local facts and cached cloud output (0.341625ms)
✔ actual model-state merger gives configuration no response credit and never revives a failed answer (0.072667ms)
✔ player capability wording describes configuration or this answer, without connection or generation claims (0.109291ms)
✔ player comparison explains public provenance without printing implementation path (0.531875ms)
✔ explicitly negated historical clause plus current request stays current (7.219708ms)
✔ positive previous-match request and current question keep their separate scopes (0.773584ms)
✔ bounded current request without a live snapshot says unavailable instead of historical substitution (0.281041ms)
✔ actual companion reading bundle preserves Roco live context and blocks last-match material (2.077541ms)
✔ negated historical clause cannot hijack a positive mechanism or fact task (10.851667ms)
✔ actual latest-answer consumer clears previous cloud source after local (0.609417ms)
✔ actual latest-answer consumer clears previous cloud source after cache (0.069833ms)
▶ real provider transport failure yields HTTP error, then an honest local companion fallback
  ✔ fallback memory retains only the original player question (0.283584ms)
  ✔ fallback status describes the actual local response without an elapsed-time claim (0.063167ms)
  ✔ two actual HTTP session failures do not promise an ongoing reconnect (7.612125ms)
  ✔ cancelling an in-flight transport remains AbortError, not a fallback answer (5.466209ms)
✔ real provider transport failure yields HTTP error, then an honest local companion fallback (85.215ms)
✔ real turn2 decision uses battle v4 menu not later forced v11 menu (6.535417ms)
✔ missing/manual-auto-absent record does not credit forced turn table (1.139542ms)
✔ mismatched version/decision/match/unaccepted/replace record fail closed (1.26375ms)
✔ switch only in later replace table cannot be earlier alternative (0.326ms)
✔ real voluntary v4 switch stays legal without promising win (0.459667ms)
✔ actual dispatch helper snapshots public legal identity before request (0.248791ms)
✔ only exact dispatched version and successful same-match receipt can accept a record (0.07075ms)
✔ actual saved skill event does not bind another legal submitted skill (0.242042ms)
✔ item kind alone is not exact identity; empty events permit unique confirmed record only (0.088791ms)
ℹ tests 62
ℹ suites 0
ℹ pass 62
ℹ fail 0
ℹ cancelled 0
ℹ skipped 0
ℹ todo 0
ℹ duration_ms 584.603375
