
> test:browser
> node --test --test-concurrency=1 browser.test.js replace.test.js

✔ every module in the browser import graph parses (508.298041ms)
✔ the server allowlist covers every browser module plus the page shell (2.357458ms)
✔ app.js does not reference the removed dropdown loadout UI (0.295625ms)
✔ app.js wires the in-match strategist layer and dropped the always-true gate (0.517958ms)
✔ app.js wires the companion presence layer and leaves the bubble to the companion (0.327583ms)
✔ 队伍上限是三只，且开始前会被校验 (0.437541ms)
✔ 对战准备页左栏是「加入队伍」，营地页的「培养」还在 (0.324542ms)
✔ 对话记录①：刷新后不丢——存了能读回来，轮次与顺序都对 (5.05875ms)
✔ 对话记录②：能开新的，也能切回旧的（切回去送模型的就是那一段） (0.858334ms)
✔ 对话记录③：数量有上限，localStorage 撑不爆 (66.255375ms)
✔ 对话记录④：清对话不清记忆——会话存档与跨局账本是两个键、两组字段 (98.821375ms)
✔ 对话记录⑤：app.js 真的接上了这两个控件，而且没有动那排快问按钮 (0.487125ms)
    [实测] 真人同机 左栏每行：
    第1行 top=234 高度[132, 132, 132, 132] 按钮[334, 334, 334, 334] :: 烬尾狐(1号位) 潮甲龟(2号位) 芽角鹿(3号位) 炽鬃狮(无徽标)
    第2行 top=372 高度[132, 132, 132, 132] 按钮[472, 472, 472, 472] :: 溪刃獭(无徽标) 苔盾菇(无徽标) 砾背獾(无徽标) 鸣电雀(无徽标)
    第3行 top=510 高度[132, 132, 132, 132] 按钮[610, 610, 610, 610] :: 岚翎隼(无徽标) 云绒蛾(无徽标) 晶角犀(无徽标) 伏光貂(无徽标)
    第4行 top=648 高度[132, 132] 按钮[748, 748] :: 磐耳羊(无徽标) 灵瞳猫(无徽标)
    [实测] 右栏每行：
    第1行 top=234 高度[132, 132, 132, 132] 按钮[334, 334, 334, 334] :: 烬尾狐(无徽标) 潮甲龟(无徽标) 芽角鹿(1号位) 炽鬃狮(无徽标)
    第2行 top=372 高度[132, 132, 132, 132] 按钮[472, 472, 472, 472] :: 溪刃獭(无徽标) 苔盾菇(无徽标) 砾背獾(无徽标) 鸣电雀(无徽标)
    第3行 top=510 高度[132, 132, 132, 132] 按钮[610, 610, 610, 610] :: 岚翎隼(无徽标) 云绒蛾(无徽标) 晶角犀(2号位) 伏光貂(无徽标)
    第4行 top=648 高度[132, 132] 按钮[748, 748] :: 磐耳羊(无徽标) 灵瞳猫(无徽标)
✔ PVP 真人同机：对战准备页同一行的卡片实测等高（含徽标不推内容、两栏同一水平线） (4040.616375ms)
    [实测] 对 AI 左栏每行：
    第1行 top=234 高度[132, 132, 132, 132] 按钮[334, 334, 334, 334] :: 烬尾狐(1号位) 潮甲龟(2号位) 芽角鹿(3号位) 炽鬃狮(无徽标)
    第2行 top=372 高度[132, 132, 132, 132] 按钮[472, 472, 472, 472] :: 溪刃獭(无徽标) 苔盾菇(无徽标) 砾背獾(无徽标) 鸣电雀(无徽标)
    第3行 top=510 高度[132, 132, 132, 132] 按钮[610, 610, 610, 610] :: 岚翎隼(无徽标) 云绒蛾(无徽标) 晶角犀(无徽标) 伏光貂(无徽标)
    第4行 top=648 高度[132, 132] 按钮[748, 748] :: 磐耳羊(无徽标) 灵瞳猫(无徽标)
    [实测] 右栏每行：
    第1行 top=234 高度[132, 132, 132, 132] 按钮[334, 334, 334, 334] :: 烬尾狐(无徽标) 潮甲龟(无徽标) 芽角鹿(无徽标) 炽鬃狮(1号位)
    第2行 top=372 高度[132, 132, 132, 132] 按钮[472, 472, 472, 472] :: 溪刃獭(无徽标) 苔盾菇(无徽标) 砾背獾(无徽标) 鸣电雀(2号位)
    第3行 top=510 高度[132, 132, 132, 132] 按钮[610, 610, 610, 610] :: 岚翎隼(3号位) 云绒蛾(无徽标) 晶角犀(无徽标) 伏光貂(无徽标)
    第4行 top=648 高度[132, 132] 按钮[748, 748] :: 磐耳羊(无徽标) 灵瞳猫(无徽标)
✔ PVP 对 AI：对战准备页同一行的卡片实测等高（含徽标不推内容、两栏同一水平线） (3512.32675ms)
✔ ① 对手补位这一步没有任何人能提交时：界面最多等 X 秒就自己往下走 (18060.5165ms)
✔ ② PVP 对手宠物倒下时：界面说清是谁在补位，请求永不落地也会自己继续 (18070.727875ms)
✔ ③ 对战准备页左栏只有「加入队伍 / 移出队伍」：PVP 对真人、对 AI 与 PVE 一致 (6810.431083ms)
✖ ④ 换到 1 号位后再打倒对手首发：对手补位必须落地，界面必须能继续 (39263.345083ms)
ℹ tests 18
ℹ suites 0
ℹ pass 17
ℹ fail 1
ℹ cancelled 0
ℹ skipped 0
ℹ todo 0
ℹ duration_ms 97238.841958

✖ failing tests:

test at replace.test.js:481:1
✖ ④ 换到 1 号位后再打倒对手首发：对手补位必须落地，界面必须能继续 (39263.345083ms)
  AssertionError [ERR_ASSERTION]: 对手 0 号位应已倒下，实际「炽鬃狮81HP · 1能量」
      at TestContext.<anonymous> (file:///Users/serendizc/Developer/roco-coach/replace.test.js:592:10)
      at async Test.run (node:internal/test_runner/test:1404:7)
      at async Test.processPendingSubtests (node:internal/test_runner/test:969:7) {
    generatedMessage: false,
    code: 'ERR_ASSERTION',
    actual: '炽鬃狮81HP · 1能量',
    expected: /已倒下/,
    operator: 'match',
    diff: 'simple'
  }
