{
 "arm": "sft-v8",
 "summary": {
  "tasks": 288,
  "passed": 283,
  "pass_rate": 0.9826,
  "stopped": {
   "complete": 251,
   "receipt-budget": 12,
   "invalid-arguments": 13,
   "policy": 12
  },
  "latency": {
   "p50_ms": 632,
   "p95_ms": 1298
  },
  "by_category": {
   "rules_lookup": {
    "total": 72,
    "passed": 70,
    "pass_rate": 0.9722,
    "p50_ms": 620,
    "p95_ms": 700
   },
   "roster_constraint": {
    "total": 24,
    "passed": 21,
    "pass_rate": 0.875,
    "p50_ms": 1392,
    "p95_ms": 1437
   },
   "continue_stop": {
    "total": 36,
    "passed": 36,
    "pass_rate": 1,
    "p50_ms": 415,
    "p95_ms": 513
   },
   "tool_failure": {
    "total": 36,
    "passed": 36,
    "pass_rate": 1,
    "p50_ms": 627,
    "p95_ms": 748
   },
   "stale_state": {
    "total": 36,
    "passed": 36,
    "pass_rate": 1,
    "p50_ms": 707,
    "p95_ms": 1298
   },
   "evidence_conflict": {
    "total": 36,
    "passed": 36,
    "pass_rate": 1,
    "p50_ms": 701,
    "p95_ms": 1101
   },
   "silence": {
    "total": 12,
    "passed": 12,
    "pass_rate": 1,
    "p50_ms": 0,
    "p95_ms": 1
   },
   "brief_explain": {
    "total": 36,
    "passed": 36,
    "pass_rate": 1,
    "p50_ms": 618,
    "p95_ms": 983
   }
  },
  "by_split": {
   "family": {
    "held_out": {
     "total": 96,
     "passed": 94,
     "pass_rate": 0.9792
    },
    "seen": {
     "total": 192,
     "passed": 189,
     "pass_rate": 0.9844
    },
    "by_value": {
     "A组三人-无锁定": {
      "total": 96,
      "passed": 94,
      "held_out": true,
      "pass_rate": 0.9792
     },
     "A组三人-锁定寂灭骨龙": {
      "total": 96,
      "passed": 96,
      "held_out": false,
      "pass_rate": 1
     },
     "混编三人-含B组": {
      "total": 96,
      "passed": 93,
      "held_out": false,
      "pass_rate": 0.9688
     }
    }
   },
   "mechanism": {
    "held_out": {
     "total": 81,
     "passed": 80,
     "pass_rate": 0.9877
    },
    "seen": {
     "total": 207,
     "passed": 203,
     "pass_rate": 0.9807
    },
    "by_value": {
     "图鉴字段": {
      "total": 12,
      "passed": 12,
      "held_out": true,
      "pass_rate": 1
     },
     "技能静态威力": {
      "total": 12,
      "passed": 12,
      "held_out": false,
      "pass_rate": 1
     },
     "属性相性": {
      "total": 12,
      "passed": 12,
      "held_out": true,
      "pass_rate": 1
     },
     "学习表": {
      "total": 12,
      "passed": 12,
      "held_out": false,
      "pass_rate": 1
     },
     "应对机制": {
      "total": 12,
      "passed": 12,
      "held_out": false,
      "pass_rate": 1
     },
     "版本指纹": {
      "total": 12,
      "passed": 10,
      "held_out": false,
      "pass_rate": 0.8333
     },
     "阵容评分": {
      "total": 12,
      "passed": 11,
      "held_out": true,
      "pass_rate": 0.9167
     },
     "换人对比": {
      "total": 12,
      "passed": 10,
      "held_out": false,
      "pass_rate": 0.8333
     },
     "单一事实": {
      "total": 12,
      "passed": 12,
      "held_out": false,
      "pass_rate": 1
     },
     "回看记录": {
      "total": 12,
      "passed": 12,
      "held_out": true,
      "pass_rate": 1
     },
     "阵容诊断": {
      "total": 12,
      "passed": 12,
      "held_out": false,
      "pass_rate": 1
     },
     "条件化威力": {
      "total": 12,
      "passed": 12,
      "held_out": true,
      "pass_rate": 1
     },
     "推演": {
      "total": 12,
      "passed": 12,
      "held_out": false,
      "pass_rate": 1
     },
     "复盘": {
      "total": 24,
      "passed": 24,
      "held_out": false,
      "pass_rate": 1
     },
     "轮次推进": {
      "total": 12,
      "passed": 12,
      "held_out": false,
      "pass_rate": 1
     },
     "面板变化": {
      "total": 12,
      "passed": 12,
      "held_out": false,
      "pass_rate": 1
     },
     "建议失效": {
      "total": 12,
      "passed": 12,
      "held_out": false,
      "pass_rate": 1
     },
     "跨来源数值": {
      "total": 12,
      "passed": 12,
      "held_out": false,
      "pass_rate": 1
     },
     "同名形态": {
      "total": 12,
      "passed": 12,
      "held_out": true,
      "pass_rate": 1
     },
     "强度口径": {
      "total": 12,
      "passed": 12,
      "held_out": false,
      "pass_rate": 1
     },
     "回合已提交": {
      "total": 3,
      "passed": 3,
      "held_out": true,
      "pass_rate": 1
     },
     "偏好设置": {
      "total": 3,
      "passed": 3,
      "held_out": true,
      "pass_rate": 1
     },
     "局面状态": {
      "total": 3,
      "passed": 3,
      "held_out": false,
      "pass_rate": 1
     },
     "拒绝": {
      "total": 3,
      "passed": 3,
      "held_out": true,
      "pass_rate": 1
     },
     "行动解释": {
      "total": 12,
      "passed": 12,
      "held_out": false,
      "pass_rate": 1
     },
     "能量机制": {
      "total": 12,
      "passed": 12,
      "held_out": false,
      "pass_rate": 1
     }
    }
   },
   "template": {
    "held_out": {
     "total": 30,
     "passed": 30,
     "pass_rate": 1
    },
    "seen": {
     "total": 258,
     "passed": 253,
     "pass_rate": 0.9806
    },
    "by_value": {
     "直问": {
      "total": 60,
      "passed": 58,
      "held_out": false,
      "pass_rate": 0.9667
     },
     "口语": {
      "total": 60,
      "passed": 58,
      "held_out": false,
      "pass_rate": 0.9667
     },
     "追问": {
      "total": 51,
      "passed": 50,
      "held_out": false,
      "pass_rate": 0.9804
     },
     "背景": {
      "total": 60,
      "passed": 60,
      "held_out": false,
      "pass_rate": 1
     },
     "委托": {
      "total": 9,
      "passed": 9,
      "held_out": true,
      "pass_rate": 1
     },
     "封闭": {
      "total": 9,
      "passed": 9,
      "held_out": false,
      "pass_rate": 1
     },
     "确认": {
      "total": 9,
      "passed": 9,
      "held_out": true,
      "pass_rate": 1
     },
     "质疑": {
      "total": 9,
      "passed": 9,
      "held_out": true,
      "pass_rate": 1
     },
     "对比": {
      "total": 9,
      "passed": 9,
      "held_out": false,
      "pass_rate": 1
     },
     "si-submitted": {
      "total": 3,
      "passed": 3,
      "held_out": true,
      "pass_rate": 1
     },
     "si-quiet": {
      "total": 3,
      "passed": 3,
      "held_out": false,
      "pass_rate": 1
     },
     "si-noaction": {
      "total": 3,
      "passed": 3,
      "held_out": false,
      "pass_rate": 1
     },
     "si-refuse": {
      "total": 3,
      "passed": 3,
      "held_out": false,
      "pass_rate": 1
     }
    }
   }
  }
 },
 "comparison": null,
 "written_to": "reports/roco/shadow-replay-sft-v8-aligned.json",
 "policy_first": false,
 "self_consistency": null
}
exit=0
