✔ 结构契约：index.html 引用的每个本地模块都真实存在 (0.727125ms)
✔ 结构契约：浏览器模块图里不许出现 node:*（静态 import） (44.434083ms)
✔ 反证：扫描逻辑真的能抓到静态 node:*（否则上面的守卫是空的） (0.304042ms)
✔ 结构契约：Coach 核心的静态 import 图到不了页面层，也不出现 node:* (5.564334ms)
✔ 反证：核心图这条判据不是空的（node:* / 页面层 / 动态 import 三种对照） (10.559625ms)
✔ 结构契约：核心图的 src/coach/** 不读浏览器全局（剥注释与字符串后按标识符扫） (15.751166ms)
✔ 反证：浏览器全局这条判据不是空的（真使用会红、注释/字符串/属性名不会） (4.995833ms)
✔ 结构契约：浏览器模块图里不许裸用 Node 专有全局（真机上小芽因此一句都答不上来） (53.092125ms)
✔ 反证：Node 专有全局这条判据不是空的（真用会红、守卫写法与注释/字符串不会） (4.793333ms)
✔ 结构契约：入口模块图里每个相对 import 都解析到真实文件 (3.879791ms)
✔ 结构契约：能量上限/回能/初始能量的字面量只许住在规则配置里（RC-101） (194.194ms)
✔ 结构契约：全仓 js/mjs 的相对 import 都指向真实文件 (243.119417ms)
✔ 反证：还没 `git add` 的新文件也必须被上面那条规则扫到 (242.055875ms)
✔ 结构契约：每个 Node 测试文件都必须被某个 npm script 或自检登记表引用 (1.043292ms)
✔ 结构契约：src/ tests/ tools/ 下没有会被忽略的源文件 (17.058792ms)
✔ 结构契约：仓库顶层只允许约定俗成的目录与文件 (0.190125ms)
✔ 结构契约：models/ 里只有登记表，没有任何权重文件 (0.248667ms)
✔ 结构契约：URL 空间与磁盘空间同构，页面短路径可用 (185.498208ms)
✔ 结构契约：资源白名单 miss 时会自愈重算（陈旧进程不再是白屏） (9.264167ms)
✔ 结构契约：自愈之后的服务器真的能把那个模块发出来（端到端） (33.915959ms)
✔ 反证/安全边界：自愈**只**放行推导图里的东西，图外一律 404 (53.29275ms)
✔ 结构契约：每个页面都有「脚本没加载成功」的兜底横幅，且入口模块会撤掉它 (3.327709ms)
✔ 结构契约：每个页面外壳都能按短路径 /<文件名> 打开（漏一页 = 404） (0.119208ms)
✔ 反证：去掉 /xiaoya.html 的短路径 ⇒ 上面那条必须红 (0.062208ms)
✔ 反证：兜底横幅这条守卫不是空的（缺横幅 / 入口不撤 / 资源锚点不许顶掉入口） (2.378833ms)
✔ 结构契约：多页面白名单——每个 HTML 页面的本地入口都在白名单里 (0.318209ms)
✔ 结构契约：每个页面的模块图闭包都在白名单里且都真实存在 (8.682292ms)
✔ 结构契约：浏览器脚本收尾删临时 profile 必须带重试（裸 rmSync 会 ENOTEMPTY 把绿判据变红） (8.337042ms)
ℹ tests 28
ℹ suites 0
ℹ pass 28
ℹ fail 0
ℹ cancelled 0
ℹ skipped 0
ℹ todo 0
ℹ duration_ms 1221.502959
contract_exit=0
