[box-acceptance] [diag boot] pet-view len=341 对象=11 整页=16
[box-acceptance] ✔ [01-路由总数] 我的盒子 == 542 个个体（= owned-pets.json 的实例数），全图鉴 == 622 条记录 —实际： count-mine=542 count-catalog=622
[box-acceptance] ✔ [反证 02-默认视图] 默认还停在「我的盒子」上必须被同一条判据抓住 —实际命中： 默认视图不对：kind=mine total=48 cards=24
[box-acceptance] ✔ [02-默认视图] 默认进入「全部精灵」，总数 622（全部可查的精灵），每页 24 张卡 —实际： 
[box-acceptance] ✔ [03-宽屏不溢出] 1440×900：scrollW == clientW —实际： clientW=1440 scrollW=1440 bodyScrollW=1440
[box-acceptance] ✔ [04-切标签] 真实鼠标点「全图鉴」后 kind=catalog，总数 622，卡片里没有工程字段 —实际： kind=catalog total=622 cards=24 点击命中={"tag":"BUTTON","id":"tab-catalog","cls":"tab","hit_target":true}
[box-acceptance] ✔ [05-catalog全量] kind=catalog 的 total 必须 == 622 —实际： player.total=622
[box-acceptance] ✔ [反证 05-catalog全量] 把 catalog 总数改成 48（迁移层全量）必须被同一条判据抓住 —实际命中： catalog 总数必须 == 622，实际 48
[box-acceptance] ✔ [06-玩家层无工程话] 展开的玩家可见文本里不出现 pet_id / state_version / coverage / provenance / unknown_fields / 裸 JSON —实际： 扫过 903 字；卡片首层「🌿 喵喵 🌿草系 定位：回复」
[box-acceptance] ✔ [07-键盘搜索] 真实键盘输入「喵喵」后结果数 0<total<622，且每张卡的名字都含搜索词 —实际： 输入框实际值="喵喵" total=2 每张卡都含喵=true；样例「🌿 喵喵 🌿草系 定位：回复」
[box-acceptance] ✔ [08-系别筛选] 真实鼠标点「系别=草系」后每张卡都含草系，且总数等于路由给的筛选后总数 —实际： 页面 total=84 路由 total=84 每张卡含草系=true；命中={"tag":"BUTTON","id":null,"cls":"filter-chip","hit_target":true}
[box-acceptance] ✔ [27-掷点来源那一句不上屏] 人类 2026-09-28 决定不要「掷点生成、不是官方概率」这句 ⇒ 真浏览器上不许再有 `[data-rolled="yes"]` 那一行，也不许出现「掷点生成」字样（函数与单测那一层仍保留这句，只是不上屏） —实际： [data-rolled] 0 处；「掷点生成」0 处
[box-acceptance] ✔ [09-个体详情] 个体详情**二级页**（地址 `?pet=`）里有等级 / 性格 / 资质 / 天分档位 / 四个有序技能（必到三栏都在、标签只许来自那五个；特长与血脉有值才有），六维是 60 级换算值（标签写明 60 级），天分档位的取值落在四个档名里 —实际： 二级页=true view=pet 地址 pet=own-0001 traits=3 标签=["性格","资质","天分档位"] 天分档位=「相当好的天分」（命中档名=true；读不出来但带了说明=false） moves=4 缺词=[] 标题=喵喵 · 详情
[box-acceptance] ✔ [10-详情也不说工程话] 个体详情二级页（玩家点得到的）同样不出现工程字段 —实际： 扫过 880 字
[box-acceptance] [diag before-10b] pet-view len=4568 对象=131 整页=141
[box-acceptance] ✔ [10b-资质要摊成六维数值（own-0001）] 真鼠标打开 own-0001 的详情：资质那一栏是「生命 10 / 物攻 3 / …」这样的六维数值，整页不出现 [object Object] —实际： 喵喵 · 详情：资质 =「生命 7 / 物攻 0 / 物防 0 / 魔攻 10 / 魔防 0 / 速度 9」（数出 6 个数值；[object Object] 0 处）｜pet-view 内命中元素 26 个 ["BUTTON.nav-btn primary@pet-back html=<button class=\"nav-btn primary\" id=\"pet-back\">← 返回精灵
[box-acceptance] ✔ [反证 10b-资质要摊成六维数值（own-0001）] 把「资质」印成 [object Object]、或者一个数值都没有 —— 两种坏样本都必须被同一条判据抓住 —实际命中： 资质那一栏没有摊成六维数值（只数出 0 个「生命 10」这样的值） | 页面上出现了 2 处 [object Object]（二级页可见文字里 undefined 处）｜命中行：undefined｜资质原样「undefined」
[box-acceptance] ✔ [11-两个体比较] 同种比较整块已拆（人类：「不要比较」）⇒ 在本产物上**不可达**；而且盒子里没有同种对（人类：「不要同种多个体」） —实际： 这一页 60 张卡 / 60 个物种；同种对 0 组（我的盒子共 542 个个体）
[box-acceptance] ✔ [12-比较也不说工程话] （随 11 不可达）比较面板在本产物上打不开，改由单元判据扫它的文案 —实际： （登记为不可达：没有同种对）
[box-acceptance] ✔ [13-不同种拒绝] compare 两个不同种必须 HTTP 400 + ok:false，并给出「不是同一种」的原因 —实际： HTTP 400 error=「这两只不是同一种精灵（pet_000001 / pet_000002），不能逐字段比较：逐字段比较的前提是同一物种的不同个体。」
[box-acceptance] ✔ [反证 13-不同种拒绝] 把「接受了不同种比较」的样本过同一条判据必须报错 —实际命中： 不同种比较必须 HTTP 400 + ok:false，实际 HTTP 200 ok=true | 必须给出「不是同一种」的原因，实际 error=undefined
[box-acceptance] ✔ [11d-比较整块已经拆掉（人类：「不要比较」）] 比选栏 / 比较二级页 / 「比较这两只」/「加入比较」在页面上都不许再出现；地址上带 `?a=&b=` 时也不许白屏（应当照常停在列表上） —实际： 比选栏=false 比较页=false 按钮=false 页面上还有那些字=false 列表在=true 卡片=24
[box-acceptance] ✔ [反证 11d-比较整块已经拆掉（人类：「不要比较」）] 把任一块比较 UI 塞回来（或让带参数的地址白屏），必须被同一条判据抓住 —实际命中： 比选栏（#compare-bar）还在页面上 | 比较二级页（#compare-view）还在页面上 | 页面上还能读到「个体比较 / 比较这两只 / 加入比较」这些字 | 带 ?a=&b= 打开时没有正常停在列表上（可能白屏）
[box-acceptance] ✔ [14-工程信息在抽屉里] 开发者抽屉默认收起；展开后能真的看到 provenance / unknown_fields / state_version / coverage / 许可 —实际： 默认收起=true 展开=true 长度=42746 provenance=true unknown_fields=true state_version=true coverage=true licence=true；样例「 版本：state_version=rc205.1 · ruleset_id=roco-world-s4-2026-09-10 · pack_id=roco-game-data
[box-acceptance] ✔ [反证 06-玩家层无工程话] 往玩家区注入 pet_id / state_version 后，同一条判据必须命中；移除后必须恢复干净 —实际命中： pet_id
[box-acceptance] ✔ [15-判据可恢复] 注入后命中、移除后干净（说明这一条判的是页面本身，不是一次性快照） —实际： 注入命中="pet_id" 恢复=null
[box-acceptance] ✔ [16-非法limit] limit=1e3 必须 HTTP 400 + ok:false，且错误点名 limit（不静默取整） —实际： HTTP 400 error=「limit 必须是非负整数（实际 "1e3"；不接受 1e3 / -1 / 1.5 这类写法）」
[box-acceptance] ✔ [反证 16-非法limit] 把「静默取整」的样本（200 + limit=1）过同一条判据必须报错 —实际命中： 非法 limit="1e3" 必须 HTTP 400 + ok:false，实际 HTTP 200 ok=true | 静默取整：接受了 limit="1e3" 并返回 limit=1
[box-acceptance] ✔ [17-玩家层载荷] 玩家层载荷里没有工程键（pet_id / species_id / unknown_fields / provenance…），也没有 id 形状的展示值 —实际： 扫过 13936 字节
[box-acceptance] ✔ [反证 17-玩家层载荷] 把 pet_id 与 unknown_fields 混进玩家层载荷必须被同一条判据抓住 —实际命中： 玩家层出现工程键 cards[0].pet_id | 玩家层的 cards[0].pet_id 里出现 id 形状的值：pet_000062 | 玩家层出现工程键 cards[0].unknown_fields | 玩家层的 cards[0].note 里出现 id 形状的值：pet_000062
[box-acceptance] ✔ [18-窄屏不溢出] 390×844：scrollW == clientW —实际： clientW=390 scrollW=390 bodyScrollW=390
[box-acceptance] ✔ [19-触控目标] 390×844：主要动作（按钮 / summary / 输入框）都 ≥44×44；卡片上的次要控件「加入比较」允许小到 24×24（2026-09-28 人类要求把它做小），但不许小于它（摸得到） —实际： 量了 112 个元素；主要动作与次要控件都在线上（次要控件 0 个，最小 99px 高）
[box-acceptance] ✔ [反证 19-触控目标] 主要动作掉到 30px、次要控件掉到 20px —— 两种都不许过同一条判据 —实际命中： 主要动作 BUTTON#compare-go. 只有 120×30（要 ≥44×44） | 次要控件 BUTTON.cmp-toggle 只有 40×20（要 ≥24×24）
[box-acceptance] ✔ [20-窄屏可读] 390×844：我的盒子不横向溢出，且可点目标都在线上（主要 44 / 次要控件 24，见 19） —实际： clientW=390 scrollW=390
[box-acceptance] ✔ [21-窄屏详情页] 390×844：个体详情**二级页**打开时也不横向溢出 —实际： clientW=390 scrollW=390
[box-acceptance] ✔ [23-带去配队的入口] 二级详情页上「带上它去配队」可用（触控目标 ≥44px），而且带走的就是这一只（地址里那一只与按钮上的 id 一致） —实际： 入口 {"disabled":false,"w":108,"h":44,"text":"带上它去配队"}；这一只=own-0001
[box-acceptance] ✔ [反证 23-带去配队的入口] 一个 disabled 的入口等于没有入口，必须被同一条判据抓住 —实际命中： 入口是禁用的（等于没有入口）
[box-acceptance] ✔ [反证 23-带去配队的入口] 入口只有 30px 高（摸不到）也必须被抓住 —实际命中： 入口只有 30px 高（摸不到）
[box-acceptance] ✔ [24-盒子→配队交接] 真鼠标点「带上它去配队」：跳到产品页，六槽工作台按 URL 带过去的个体预填，开局按钮与交接钩子读到的规模一致 —实际： 带上它去配队 → roco.html（team own-0001）；工作台 selected=1
[box-acceptance] ✔ [反证 24-盒子→配队交接] 把交接数量改成 0（没预填）必须被同一条判据抓住 —实际命中： URL 里没有 team（这一只没带过去） | 工作台没有认下这一只
[box-acceptance] ✔ [25-锁定随交接走：按钮上写清带了几只锁定] 带锁定去配队时按钮上要写清带了几只 —实际： 这一只（own-0006）在数据里标着锁定：按钮文案「带上它去配队（含锁定 1 只）」
[box-acceptance] ✔ [反证 25-锁定随交接走：按钮上写清带了几只锁定] 带锁定却不在按钮上说明，必须被同一条判据抓住 —实际命中： 带走的锁定有 1 只，按钮上却没说："带上这两只去配队"
[box-acceptance] ✔ [26-锁定随交接走：到工坊后真的锁上了] 从盒子带过去的锁定，到工坊必须真的锁上 —实际： （URL lock="own-0006"；工坊 locked=1；槽位标记 []）
[box-acceptance] ✔ [反证 26-锁定随交接走：到工坊后真的锁上了] 把 URL 里的 lock 抹掉（锁定没跟过来）必须被同一条判据抓住 —实际命中： URL 里没有 lock 参数（锁定没跟着走）
[box-acceptance] ✔ [28-刷新→回滚→重刷（真机）] 真鼠标点：刷新后账+1/次数-1且说清落点；回滚后数值逐值回到刷之前、**次数不动**、按钮消失（只退一步）；重刷换一个落点、说清换掉了谁、按钮回来（不是回一次） —实际： 个体 own-0001：0级/3次 → 1级/2次「上一次刷天分（第 1 级）：+10 加到「物防」」 → 回滚 0级/2次 (按钮=false) → 重刷「上一次刷天分（第 2 级）：+10 加到「魔防」—— 这次是回滚之后重刷的，换掉了原来的「物防」。」
[box-acceptance] ✔ [反证 28-刷新→回滚→重刷（真机）] 回滚没还原数值、没还次数、重刷落点没换 —— 三种坏数据都必须被同一条判据抓住 —实际命中： 回滚之后账上应当回到 0 级，实际 1 | 回滚不动次数（应当还是 2，实际 3） | 回滚之后天分数值必须逐值回到刷之前：{"hp":7,"spa":10,"spe":9,"atk":0,"spd":0,"def":0} → {"hp":7,"spa":10,"spe":9,"atk":0,"spd":0,"def":10} | 回滚之后那个按钮必须消失（没有可撤的了） | 回滚之后那一行小字要
[box-acceptance] ✔ [29-两个入口已下线（加入比较 / 再养一只）] 人类 2026-09-28：「加入比较不是删了吗？再养一只也不要」⇒ 列表行与二级页都不许再有这两个入口；交接入口换成「带上它去配队」（它必须在，盒子→工坊那条链不能断） —实际： 列表 add=false cmp=false；二级页 add=false cmp=false；新交接入口=true
[box-acceptance] ✔ [反证 29-两个入口已下线（加入比较 / 再养一只）] 把任一个下线的入口塞回页面上（或把新交接入口拿掉），必须被同一条判据抓住 —实际命中： 列表行里又出现了下线的入口（add=true cmp=false） | 二级页上又出现了下线的入口（add=false cmp=true） | 新的交接入口「带上它去配队」（data-to-team）不在 —— 盒子→工坊那条链断了
[box-acceptance] ✔ [31-等级只有60] 人类 2026-09-28：「信息同时出现60和lv100（错误的）」⇒ 页面上**只许出现 Lv.60**（等级上限 60 是官方口径，数据里 49 个个体也全是 60）；整页一个 Lv.100 都不许有，同一行里也不许出现两个等级，而且出现的级数必须是数据里真有的 —实际： 整页 Lv.100 0 处；出现的级数 ["Lv.60"]；数据里的级数 [60]
[box-acceptance] ✔ [反证 31-等级只有60] 把同一行里塞上 60 与 100（他截图里那个）必须被同一条判据抓住 —实际命中： 页面上出现了 Lv.100（等级上限是 60，数据里 49 个个体也全是 60） | 同一行里出现了两个等级：["Lv.60","Lv.100"]（「铠甲虫 Lv.60 Lv.100」） | 页面上出现了数据里没有的等级 Lv.100
[box-acceptance] [diag before-09] pet-view len=341 对象=11 整页=44
[box-acceptance] ✔ [32-完整六维的二级详情页] 人类 2026-09-28：「没有个按钮能弹出个二级页面展示完整六维属性」⇒ 点一行就进**二级详情页**（地址 `?pet=<个体>`）：生命/物攻/物防/魔攻/魔防/速度 一项不落，性格 / 天分档位 / 资质这些栏都在，四个技能都在，[object Object] 0 处，还有返回入口 —实际： 地址 pet=own-0001；六维量到 ["生命","物攻","物防","魔攻","魔防","速度"]；性格/天分栏 3 行；技能 4 个
[box-acceptance] ✔ [反证 32-完整六维的二级详情页] 六维缺一项 / 没带这一只 / 又印出 [object Object] —— 三种坏样本都要被抓住 —实际命中： 二级详情页上没有「物防」这一项（完整六维缺项） | 二级详情页上没有「魔攻」这一项（完整六维缺项） | 二级详情页上没有「魔防」这一项（完整六维缺项） | 二级详情页上没有「速度」这一项（完整六维缺项） | 没有停在个体详情二级页上（现在 "list"） | 地址里没带这一只（`?pet=`） | 性格 / 资质 / 天分档位这些栏太少（1 行） | 四个技能没画全（0 个） | 页面上出现了 2
[box-acceptance] ✔ [33-动作只在二级页] 人类 2026-09-28：「刷新性格、天分、再加一只啥的这个太大了…是不是最好放二级页面去？」⇒ 刷新性格 / 刷新天分 / ＋再养一只同种 / 回滚上一次 / 加入比较**只在二级详情页**上（按钮旁写清还剩几次），列表那一屏里一个都不许有；「只看锁定」那个入口（人类⑦：「锁定功能直接删了的就删了」）页面上也不许再有 —实际： 二级页上的入口：data-refresh="nature"、data-refresh="talent"、data-undo=；列表里这些属性 0 个
[box-acceptance] ✔ [反证 33-动作只在二级页] 把这些按钮塞回列表行里必须被同一条判据抓住 —实际命中： 列表行里还有「刷新性格 / 刷新天分」（data-refresh=）—— 它应当只在二级详情页上 | 二级详情页上没有「data-refresh="talent"」那个入口 | 二级详情页上没有「data-to-team=」那个入口 | 二级页的刷新按钮上没写清还剩几次：「<button data-refresh="nature"></button>」
[box-acceptance] ✔ [34-筛选菜单自己收回去] 人类 2026-09-28：「这个选单不知道自己瘦回去吗？全部重在一起」⇒ 三个筛选菜单打开一个就把别的收起来；点了里面的一项自动收起；点页面其他地方也收起；点菜单里面不收起 —实际： 打开系别后摊开 1 个；再开定位后摊开 1 个（系别自己收了=true）；选中一项后定位还开着=false；点别处后还开着=false
[box-acceptance] ✔ [反证 34-筛选菜单自己收回去] 三个菜单全摊开、点完项不收、点外面不收 —— 三种坏样本都要被抓住 —实际命中： 打开一个菜单之后摊开的应当只有 1 个，实际 3 | 打开第二个菜单之后摊开的应当还是 1 个，实际 3 | 打开第二个菜单时，第二个自己没开着（那这一条没得判） | 点了菜单里的一项之后菜单没有自动收起（现在 open=undefined） | 点了页面其他地方之后菜单没有收起（现在 open=undefined） | 点了菜单内部（非条目处）不该收起，实测收起了
[box-acceptance] ✔ [35-收藏刷新后还在] 人类 2026-09-28：「然后就是这收藏功能也没用啊？做出来吧！」⇒ 行上的星标点一下立刻生效（`aria-pressed=true`）、本机记下来（`localStorage`，键 `roco.box.favourites.v1`）、**刷新页面后还在**，「只看收藏」按它筛 —实际： 个体 own-0001：点后 aria-pressed=true 存下来=true；刷新后 aria-pressed=true 行还在=true；只看收藏剩下 11 行、收藏那只在里面=true
[box-acceptance] ✔ [反证 35-收藏刷新后还在] 点了不生效 / 刷新就丢 / 筛选不按它滤 —— 三种坏样本都要被抓住 —实际命中： 点了收藏之后页面上没有立刻生效（aria-pressed=false） | 点了收藏之后本机记录里没有存下来 | 刷新页面之后收藏没了（aria-pressed=false） | 刷新之后那一行不见了 | 「只看收藏」没有按收藏筛（收藏的那一只不在结果里） | 「只看收藏」的结果是空的
[box-acceptance] ✔ [36-重复精灵与删除入口都已下线] 人类 2026-09-28：「重复精灵不要了，把铠甲虫还原回来」+「每种精灵只允许有一只」⇒ 页面不再画本机多出来的个体（没有「N 个个体」的重复），删除入口一并下线，旧记录启动时清掉 —实际： 列表 remove=false 多只种类=false 剩余旧记录=0 本次清理=0
[box-acceptance] ✔ [反证 36-重复精灵与删除入口都已下线] ① 页面上又画出重复精灵 ② 删除入口复活 ③ 旧记录没被清掉 —— 三种坏状态都要被同一条判据抓住 —实际命中： 列表行里还有「删掉这只」（它已经随「再养一只」一起下线） | 页面上还有「2/3 个个体」那种重复精灵（人类：重复精灵不要了） | localStorage 里还剩 2 条下线功能的产物
[box-acceptance] ✔ [36b-塞进去的本机个体既不许画、也要被清掉] 反证：往 localStorage 塞一条 `own-0001-b` 再刷新 —— 页面不许把它画成第二只，启动时还要把它清掉 —实际： 塞进去之后：被画出来=false，记录还在=false，清理计数=1
[box-acceptance] ✔ [反证 36b-塞进去的本机个体既不许画、也要被清掉] 把那条记录画出来（或没清掉），必须被同一条判据抓住 —实际命中： 还画/还没清
[box-acceptance] ✔ [40-多属性：双系精灵在卡上要写出两个系别] 人类 2026-09-28：「还是体现不出多属性」⇒ 服务端说这只是双系（`types` 有两条）时，卡上必须**两个系别都画出来**、而且两个胶囊之间要有隔断（人类：「双属性两个属性中间加隔断（eg 毒系｜地系）」）；服务端数据是真值，逐字比 —实际： 恶魔叮（pet_000009）服务端给 ["恶系","翼系"]，卡上画出 ["🌑恶系","🪽翼系"]，隔断 1 个
[box-acceptance] ✔ [反证 40-多属性：双系精灵在卡上要写出两个系别] ① 只画第一个系 ② 一个系都不画 ③ 两个系拼成一个词 ④ 两个胶囊之间没有隔断 —— 四种坏样本都要被同一条判据抓住 —实际命中： 卡上画了 1 个系别、服务端给的是 2 个：["🌑恶系"] | 卡上没画出「翼系」（卡上只有 ["🌑恶系"]） | 卡上画了 0 个系别、服务端给的是 2 个：[] | 卡上没画出「恶系」（卡上只有 []） | 卡上没画出「翼系」（卡上只有 []） | 卡上画了 0 个系别、服务端给的是 2 个：[] | 卡上没画出「恶系」（卡上只有 []） | 卡上没画出「翼系」（卡上只有 []） | 2 
[box-acceptance] ✔ [39-换技能要真的实装（存进开局那一页读的那份记录）] 人类 2026-09-28：「换技能还是没实装是吧？实装一下」⇒ 在二级页真鼠标换掉一个技能并保存后，**开局那一页（配队工坊）开局时交给服务端的那份记录**里必须正好是玩家挑的这四个，而且保存后要说清这一点 —实际： 这一只 own-0001（pet_000001）换掉一个技能后存下 ["skill_000273","skill_000286","skill_000340","skill_000624"]；共用记录里 ["pet_000001"]
[box-acceptance] ✔ [反证 39-换技能要真的实装（存进开局那一页读的那份记录）] ① 记录里根本没这一只 ② 存下来的是页面预选那份（不是玩家挑的） ③ 保存后不说清会带进对局 —— 三种坏样本都要被同一条判据抓住 —实际命中： 开局那一页读的那份记录里没有这一只（换技能没实装） | 保存之后要说清"开局那一页会带上这四个"，实际状态行「已保存。」
[box-acceptance] ✔ [反证 39-换技能要真的实装（存进开局那一页读的那份记录）] 存下来的四个与玩家挑的不是同一组（差一个）也必须被抓住 —实际命中： 存下来的与玩家挑的不一致：挑了 ["skill_000273","skill_000286","skill_000340","skill_000624"]，存的是 ["skill_000624","skill_000340","skill_000286","skill_000273"]
[box-acceptance] ✔ [41-官方立绘：有图的画图、没图的照旧 emoji] 人类 2026-09-28：「我抓包出来的地方是不是有精灵立绘？你把迪莫的实装一下我看看」⇒ 带 `art=true` 的卡必须在**屏幕上真的画出那张立绘**（懒加载也要加载完：naturalWidth > 0），而没有立绘的卡照旧画系别 emoji —— **不许留空框** —实际： 这一页 24 张卡：带立绘 1 张、屏幕上 1 个 img （都加载出来了：1024×1024）；其余 23 个照旧画 emoji
[box-acceptance] ✔ [反证 41-官方立绘：有图的画图、没图的照旧 emoji] ① 有 art=true 却不画图 ② 图画了但没加载出来（naturalWidth=0）③ 没图的卡留了空框 —— 三种坏样本都要被同一条判据抓住 —实际命中： 带 art=true 的卡有 1 张，屏幕上却只有 0 个立绘 img | 1 张立绘没加载出来（naturalWidth/Height 是 0）：[{"src":"x","w":0,"h":0}] | 没立绘的卡应当照旧画 emoji：期望 23 个，实际 0
[box-acceptance] ✔ [22-控制台干净] 整轮下来没有 console.error，也没有未捕获异常 —实际： consoleErrors=[] pageErrors=[]
[box-acceptance] ────────────────────────────────────────────────────────────────────────────
[box-acceptance] ✔ 01-路由总数 我的盒子 == 542 个个体（= owned-pets.json 的实例数），全图鉴 == 622 条记录 → count-mine=542 count-catalog=622
[box-acceptance] ✔ 02-默认视图 默认进入「全部精灵」，总数 622（全部可查的精灵），每页 24 张卡 → 
[box-acceptance] ✔ 03-宽屏不溢出 1440×900：scrollW == clientW → clientW=1440 scrollW=1440 bodyScrollW=1440
[box-acceptance] ✔ 04-切标签 真实鼠标点「全图鉴」后 kind=catalog，总数 622，卡片里没有工程字段 → kind=catalog total=622 cards=24 点击命中={"tag":"BUTTON","id":"tab-catalog","cls":"tab","hit_target":true}
[box-acceptance] ✔ 05-catalog全量 kind=catalog 的 total 必须 == 622 → player.total=622
[box-acceptance] ✔ 06-玩家层无工程话 展开的玩家可见文本里不出现 pet_id / state_version / coverage / provenance / unknown_fields / 裸 JSON → 扫过 903 字；卡片首层「🌿 喵喵 🌿草系 定位：回复」
[box-acceptance] ✔ 07-键盘搜索 真实键盘输入「喵喵」后结果数 0<total<622，且每张卡的名字都含搜索词 → 输入框实际值="喵喵" total=2 每张卡都含喵=true；样例「🌿 喵喵 🌿草系 定位：回复」
[box-acceptance] ✔ 08-系别筛选 真实鼠标点「系别=草系」后每张卡都含草系，且总数等于路由给的筛选后总数 → 页面 total=84 路由 total=84 每张卡含草系=true；命中={"tag":"BUTTON","id":null,"cls":"filter-chip","hit_target":true}
[box-acceptance] ✔ 27-掷点来源那一句不上屏 人类 2026-09-28 决定不要「掷点生成、不是官方概率」这句 ⇒ 真浏览器上不许再有 `[data-rolled="yes"]` 那一行，也不许出现「掷点生成」字样（函数与单测那一层仍保留这句，只是不上屏） → [data-rolled] 0 处；「掷点生成」0 处
[box-acceptance] ✔ 09-个体详情 个体详情**二级页**（地址 `?pet=`）里有等级 / 性格 / 资质 / 天分档位 / 四个有序技能（必到三栏都在、标签只许来自那五个；特长与血脉有值才有），六维是 60 级换算值（标签写明 60 级），天分档位的取值落在四个档名里 → 二级页=true view=pet 地址 pet=own-0001 traits=3 标签=["性格","资质","天分档位"] 天分档位=「相当好的天分」（命中档名=true；读不出来但带了说明=false） moves=4 缺词=[] 标题=喵喵 · 详情
[box-acceptance] ✔ 10-详情也不说工程话 个体详情二级页（玩家点得到的）同样不出现工程字段 → 扫过 880 字
[box-acceptance] ✔ 10b-资质要摊成六维数值（own-0001） 真鼠标打开 own-0001 的详情：资质那一栏是「生命 10 / 物攻 3 / …」这样的六维数值，整页不出现 [object Object] → 喵喵 · 详情：资质 =「生命 7 / 物攻 0 / 物防 0 / 魔攻 10 / 魔防 0 / 速度 9」（数出 6 个数值；[object Object] 0 处）｜pet-view 内命中元素 26 个 ["BUTTON.nav-btn primary@pet-back html=<button class=\"
[box-acceptance] ✔ 11-两个体比较 同种比较整块已拆（人类：「不要比较」）⇒ 在本产物上**不可达**；而且盒子里没有同种对（人类：「不要同种多个体」） → 这一页 60 张卡 / 60 个物种；同种对 0 组（我的盒子共 542 个个体）
[box-acceptance] ✔ 12-比较也不说工程话 （随 11 不可达）比较面板在本产物上打不开，改由单元判据扫它的文案 → （登记为不可达：没有同种对）
[box-acceptance] ✔ 13-不同种拒绝 compare 两个不同种必须 HTTP 400 + ok:false，并给出「不是同一种」的原因 → HTTP 400 error=「这两只不是同一种精灵（pet_000001 / pet_000002），不能逐字段比较：逐字段比较的前提是同一物种的不同个体。」
[box-acceptance] ✔ 11d-比较整块已经拆掉（人类：「不要比较」） 比选栏 / 比较二级页 / 「比较这两只」/「加入比较」在页面上都不许再出现；地址上带 `?a=&b=` 时也不许白屏（应当照常停在列表上） → 比选栏=false 比较页=false 按钮=false 页面上还有那些字=false 列表在=true 卡片=24
[box-acceptance] ✔ 14-工程信息在抽屉里 开发者抽屉默认收起；展开后能真的看到 provenance / unknown_fields / state_version / coverage / 许可 → 默认收起=true 展开=true 长度=42746 provenance=true unknown_fields=true state_version=true coverage=true licence=true；样例「 版本：state_version=rc205.1 · ruleset_id=roco-worl
[box-acceptance] ✔ 15-判据可恢复 注入后命中、移除后干净（说明这一条判的是页面本身，不是一次性快照） → 注入命中="pet_id" 恢复=null
[box-acceptance] ✔ 16-非法limit limit=1e3 必须 HTTP 400 + ok:false，且错误点名 limit（不静默取整） → HTTP 400 error=「limit 必须是非负整数（实际 "1e3"；不接受 1e3 / -1 / 1.5 这类写法）」
[box-acceptance] ✔ 17-玩家层载荷 玩家层载荷里没有工程键（pet_id / species_id / unknown_fields / provenance…），也没有 id 形状的展示值 → 扫过 13936 字节
[box-acceptance] ✔ 18-窄屏不溢出 390×844：scrollW == clientW → clientW=390 scrollW=390 bodyScrollW=390
[box-acceptance] ✔ 19-触控目标 390×844：主要动作（按钮 / summary / 输入框）都 ≥44×44；卡片上的次要控件「加入比较」允许小到 24×24（2026-09-28 人类要求把它做小），但不许小于它（摸得到） → 量了 112 个元素；主要动作与次要控件都在线上（次要控件 0 个，最小 99px 高）
[box-acceptance] ✔ 20-窄屏可读 390×844：我的盒子不横向溢出，且可点目标都在线上（主要 44 / 次要控件 24，见 19） → clientW=390 scrollW=390
[box-acceptance] ✔ 21-窄屏详情页 390×844：个体详情**二级页**打开时也不横向溢出 → clientW=390 scrollW=390
[box-acceptance] ✔ 23-带去配队的入口 二级详情页上「带上它去配队」可用（触控目标 ≥44px），而且带走的就是这一只（地址里那一只与按钮上的 id 一致） → 入口 {"disabled":false,"w":108,"h":44,"text":"带上它去配队"}；这一只=own-0001
[box-acceptance] ✔ 24-盒子→配队交接 真鼠标点「带上它去配队」：跳到产品页，六槽工作台按 URL 带过去的个体预填，开局按钮与交接钩子读到的规模一致 → 带上它去配队 → roco.html（team own-0001）；工作台 selected=1
[box-acceptance] ✔ 25-锁定随交接走：按钮上写清带了几只锁定 带锁定去配队时按钮上要写清带了几只 → 这一只（own-0006）在数据里标着锁定：按钮文案「带上它去配队（含锁定 1 只）」
[box-acceptance] ✔ 26-锁定随交接走：到工坊后真的锁上了 从盒子带过去的锁定，到工坊必须真的锁上 → （URL lock="own-0006"；工坊 locked=1；槽位标记 []）
[box-acceptance] ✔ 28-刷新→回滚→重刷（真机） 真鼠标点：刷新后账+1/次数-1且说清落点；回滚后数值逐值回到刷之前、**次数不动**、按钮消失（只退一步）；重刷换一个落点、说清换掉了谁、按钮回来（不是回一次） → 个体 own-0001：0级/3次 → 1级/2次「上一次刷天分（第 1 级）：+10 加到「物防」」 → 回滚 0级/2次 (按钮=false) → 重刷「上一次刷天分（第 2 级）：+10 加到「魔防」—— 这次是回滚之后重刷的，换掉了原来的「物防」。」
[box-acceptance] ✔ 29-两个入口已下线（加入比较 / 再养一只） 人类 2026-09-28：「加入比较不是删了吗？再养一只也不要」⇒ 列表行与二级页都不许再有这两个入口；交接入口换成「带上它去配队」（它必须在，盒子→工坊那条链不能断） → 列表 add=false cmp=false；二级页 add=false cmp=false；新交接入口=true
[box-acceptance] ✔ 31-等级只有60 人类 2026-09-28：「信息同时出现60和lv100（错误的）」⇒ 页面上**只许出现 Lv.60**（等级上限 60 是官方口径，数据里 49 个个体也全是 60）；整页一个 Lv.100 都不许有，同一行里也不许出现两个等级，而且出现的级数必须是数据里真有的 → 整页 Lv.100 0 处；出现的级数 ["Lv.60"]；数据里的级数 [60]
[box-acceptance] ✔ 32-完整六维的二级详情页 人类 2026-09-28：「没有个按钮能弹出个二级页面展示完整六维属性」⇒ 点一行就进**二级详情页**（地址 `?pet=<个体>`）：生命/物攻/物防/魔攻/魔防/速度 一项不落，性格 / 天分档位 / 资质这些栏都在，四个技能都在，[object Object] 0 处，还有返回入口 → 地址 pet=own-0001；六维量到 ["生命","物攻","物防","魔攻","魔防","速度"]；性格/天分栏 3 行；技能 4 个
[box-acceptance] ✔ 33-动作只在二级页 人类 2026-09-28：「刷新性格、天分、再加一只啥的这个太大了…是不是最好放二级页面去？」⇒ 刷新性格 / 刷新天分 / ＋再养一只同种 / 回滚上一次 / 加入比较**只在二级详情页**上（按钮旁写清还剩几次），列表那一屏里一个都不许有；「只看锁定」那个入口（人类⑦：「锁定功能直接删了的就删了」）页面上也不许再有 → 二级页上的入口：data-refresh="nature"、data-refresh="talent"、data-undo=；列表里这些属性 0 个
[box-acceptance] ✔ 34-筛选菜单自己收回去 人类 2026-09-28：「这个选单不知道自己瘦回去吗？全部重在一起」⇒ 三个筛选菜单打开一个就把别的收起来；点了里面的一项自动收起；点页面其他地方也收起；点菜单里面不收起 → 打开系别后摊开 1 个；再开定位后摊开 1 个（系别自己收了=true）；选中一项后定位还开着=false；点别处后还开着=false
[box-acceptance] ✔ 35-收藏刷新后还在 人类 2026-09-28：「然后就是这收藏功能也没用啊？做出来吧！」⇒ 行上的星标点一下立刻生效（`aria-pressed=true`）、本机记下来（`localStorage`，键 `roco.box.favourites.v1`）、**刷新页面后还在**，「只看收藏」按它筛 → 个体 own-0001：点后 aria-pressed=true 存下来=true；刷新后 aria-pressed=true 行还在=true；只看收藏剩下 11 行、收藏那只在里面=true
[box-acceptance] ✔ 36-重复精灵与删除入口都已下线 人类 2026-09-28：「重复精灵不要了，把铠甲虫还原回来」+「每种精灵只允许有一只」⇒ 页面不再画本机多出来的个体（没有「N 个个体」的重复），删除入口一并下线，旧记录启动时清掉 → 列表 remove=false 多只种类=false 剩余旧记录=0 本次清理=0
[box-acceptance] ✔ 36b-塞进去的本机个体既不许画、也要被清掉 反证：往 localStorage 塞一条 `own-0001-b` 再刷新 —— 页面不许把它画成第二只，启动时还要把它清掉 → 塞进去之后：被画出来=false，记录还在=false，清理计数=1
[box-acceptance] ✔ 40-多属性：双系精灵在卡上要写出两个系别 人类 2026-09-28：「还是体现不出多属性」⇒ 服务端说这只是双系（`types` 有两条）时，卡上必须**两个系别都画出来**、而且两个胶囊之间要有隔断（人类：「双属性两个属性中间加隔断（eg 毒系｜地系）」）；服务端数据是真值，逐字比 → 恶魔叮（pet_000009）服务端给 ["恶系","翼系"]，卡上画出 ["🌑恶系","🪽翼系"]，隔断 1 个
[box-acceptance] ✔ 39-换技能要真的实装（存进开局那一页读的那份记录） 人类 2026-09-28：「换技能还是没实装是吧？实装一下」⇒ 在二级页真鼠标换掉一个技能并保存后，**开局那一页（配队工坊）开局时交给服务端的那份记录**里必须正好是玩家挑的这四个，而且保存后要说清这一点 → 这一只 own-0001（pet_000001）换掉一个技能后存下 ["skill_000273","skill_000286","skill_000340","skill_000624"]；共用记录里 ["pet_000001"]
[box-acceptance] ✔ 41-官方立绘：有图的画图、没图的照旧 emoji 人类 2026-09-28：「我抓包出来的地方是不是有精灵立绘？你把迪莫的实装一下我看看」⇒ 带 `art=true` 的卡必须在**屏幕上真的画出那张立绘**（懒加载也要加载完：naturalWidth > 0），而没有立绘的卡照旧画系别 emoji —— **不许留空框** → 这一页 24 张卡：带立绘 1 张、屏幕上 1 个 img （都加载出来了：1024×1024）；其余 23 个照旧画 emoji
[box-acceptance] ✔ 22-控制台干净 整轮下来没有 console.error，也没有未捕获异常 → consoleErrors=[] pageErrors=[]
[box-acceptance] ✔ 02-默认视图 [反证] 默认还停在「我的盒子」上必须被同一条判据抓住 → 默认视图不对：kind=mine total=48 cards=24
[box-acceptance] ✔ 05-catalog全量 [反证] 把 catalog 总数改成 48（迁移层全量）必须被同一条判据抓住 → catalog 总数必须 == 622，实际 48
[box-acceptance] ✔ 10b-资质要摊成六维数值（own-0001） [反证] 把「资质」印成 [object Object]、或者一个数值都没有 —— 两种坏样本都必须被同一条判据抓住 → 资质那一栏没有摊成六维数值（只数出 0 个「生命 10」这样的值） | 页面上出现了 2 处 [object Object]（二级页可见文字里 undefined 处）｜命中行：undefined｜资质原样「undefined」
[box-acceptance] ✔ 13-不同种拒绝 [反证] 把「接受了不同种比较」的样本过同一条判据必须报错 → 不同种比较必须 HTTP 400 + ok:false，实际 HTTP 200 ok=true | 必须给出「不是同一种」的原因，实际 error=undefined
[box-acceptance] ✔ 11d-比较整块已经拆掉（人类：「不要比较」） [反证] 把任一块比较 UI 塞回来（或让带参数的地址白屏），必须被同一条判据抓住 → 比选栏（#compare-bar）还在页面上 | 比较二级页（#compare-view）还在页面上 | 页面上还能读到「个体比较 / 比较这两只 / 加入比较」这些字 | 带 ?a=&b= 打开时没有正常停在列表上（可能白屏）
[box-acceptance] ✔ 06-玩家层无工程话 [反证] 往玩家区注入 pet_id / state_version 后，同一条判据必须命中；移除后必须恢复干净 → pet_id
[box-acceptance] ✔ 16-非法limit [反证] 把「静默取整」的样本（200 + limit=1）过同一条判据必须报错 → 非法 limit="1e3" 必须 HTTP 400 + ok:false，实际 HTTP 200 ok=true | 静默取整：接受了 limit="1e3" 并返回 limit=1
[box-acceptance] ✔ 17-玩家层载荷 [反证] 把 pet_id 与 unknown_fields 混进玩家层载荷必须被同一条判据抓住 → 玩家层出现工程键 cards[0].pet_id | 玩家层的 cards[0].pet_id 里出现 id 形状的值：pet_000062 | 玩家层出现工程键 cards[0].unknown_fields | 玩家层的 cards[0].note 里出现 id 形状的值：pet_000062
[box-acceptance] ✔ 19-触控目标 [反证] 主要动作掉到 30px、次要控件掉到 20px —— 两种都不许过同一条判据 → 主要动作 BUTTON#compare-go. 只有 120×30（要 ≥44×44） | 次要控件 BUTTON.cmp-toggle 只有 40×20（要 ≥24×24）
[box-acceptance] ✔ 23-带去配队的入口 [反证] 一个 disabled 的入口等于没有入口，必须被同一条判据抓住 → 入口是禁用的（等于没有入口）
[box-acceptance] ✔ 23-带去配队的入口 [反证] 入口只有 30px 高（摸不到）也必须被抓住 → 入口只有 30px 高（摸不到）
[box-acceptance] ✔ 24-盒子→配队交接 [反证] 把交接数量改成 0（没预填）必须被同一条判据抓住 → URL 里没有 team（这一只没带过去） | 工作台没有认下这一只
[box-acceptance] ✔ 25-锁定随交接走：按钮上写清带了几只锁定 [反证] 带锁定却不在按钮上说明，必须被同一条判据抓住 → 带走的锁定有 1 只，按钮上却没说："带上这两只去配队"
[box-acceptance] ✔ 26-锁定随交接走：到工坊后真的锁上了 [反证] 把 URL 里的 lock 抹掉（锁定没跟过来）必须被同一条判据抓住 → URL 里没有 lock 参数（锁定没跟着走）
[box-acceptance] ✔ 28-刷新→回滚→重刷（真机） [反证] 回滚没还原数值、没还次数、重刷落点没换 —— 三种坏数据都必须被同一条判据抓住 → 回滚之后账上应当回到 0 级，实际 1 | 回滚不动次数（应当还是 2，实际 3） | 回滚之后天分数值必须逐值回到刷之前：{"hp":7,"spa":10,"spe":9,"atk":0,"spd":0,"def":0} → {"hp":7,"spa":10,"spe":9,"atk":0,"spd":0,"def"
[box-acceptance] ✔ 29-两个入口已下线（加入比较 / 再养一只） [反证] 把任一个下线的入口塞回页面上（或把新交接入口拿掉），必须被同一条判据抓住 → 列表行里又出现了下线的入口（add=true cmp=false） | 二级页上又出现了下线的入口（add=false cmp=true） | 新的交接入口「带上它去配队」（data-to-team）不在 —— 盒子→工坊那条链断了
[box-acceptance] ✔ 31-等级只有60 [反证] 把同一行里塞上 60 与 100（他截图里那个）必须被同一条判据抓住 → 页面上出现了 Lv.100（等级上限是 60，数据里 49 个个体也全是 60） | 同一行里出现了两个等级：["Lv.60","Lv.100"]（「铠甲虫 Lv.60 Lv.100」） | 页面上出现了数据里没有的等级 Lv.100
[box-acceptance] ✔ 32-完整六维的二级详情页 [反证] 六维缺一项 / 没带这一只 / 又印出 [object Object] —— 三种坏样本都要被抓住 → 二级详情页上没有「物防」这一项（完整六维缺项） | 二级详情页上没有「魔攻」这一项（完整六维缺项） | 二级详情页上没有「魔防」这一项（完整六维缺项） | 二级详情页上没有「速度」这一项（完整六维缺项） | 没有停在个体详情二级页上（现在 "list"） | 地址里没带这一只（`?pet=`） | 性格 / 资质 / 
[box-acceptance] ✔ 33-动作只在二级页 [反证] 把这些按钮塞回列表行里必须被同一条判据抓住 → 列表行里还有「刷新性格 / 刷新天分」（data-refresh=）—— 它应当只在二级详情页上 | 二级详情页上没有「data-refresh="talent"」那个入口 | 二级详情页上没有「data-to-team=」那个入口 | 二级页的刷新按钮上没写清还剩几次：「<button data-refresh="n
[box-acceptance] ✔ 34-筛选菜单自己收回去 [反证] 三个菜单全摊开、点完项不收、点外面不收 —— 三种坏样本都要被抓住 → 打开一个菜单之后摊开的应当只有 1 个，实际 3 | 打开第二个菜单之后摊开的应当还是 1 个，实际 3 | 打开第二个菜单时，第二个自己没开着（那这一条没得判） | 点了菜单里的一项之后菜单没有自动收起（现在 open=undefined） | 点了页面其他地方之后菜单没有收起（现在 open=undefined） 
[box-acceptance] ✔ 35-收藏刷新后还在 [反证] 点了不生效 / 刷新就丢 / 筛选不按它滤 —— 三种坏样本都要被抓住 → 点了收藏之后页面上没有立刻生效（aria-pressed=false） | 点了收藏之后本机记录里没有存下来 | 刷新页面之后收藏没了（aria-pressed=false） | 刷新之后那一行不见了 | 「只看收藏」没有按收藏筛（收藏的那一只不在结果里） | 「只看收藏」的结果是空的
[box-acceptance] ✔ 36-重复精灵与删除入口都已下线 [反证] ① 页面上又画出重复精灵 ② 删除入口复活 ③ 旧记录没被清掉 —— 三种坏状态都要被同一条判据抓住 → 列表行里还有「删掉这只」（它已经随「再养一只」一起下线） | 页面上还有「2/3 个个体」那种重复精灵（人类：重复精灵不要了） | localStorage 里还剩 2 条下线功能的产物
[box-acceptance] ✔ 36b-塞进去的本机个体既不许画、也要被清掉 [反证] 把那条记录画出来（或没清掉），必须被同一条判据抓住 → 还画/还没清
[box-acceptance] ✔ 40-多属性：双系精灵在卡上要写出两个系别 [反证] ① 只画第一个系 ② 一个系都不画 ③ 两个系拼成一个词 ④ 两个胶囊之间没有隔断 —— 四种坏样本都要被同一条判据抓住 → 卡上画了 1 个系别、服务端给的是 2 个：["🌑恶系"] | 卡上没画出「翼系」（卡上只有 ["🌑恶系"]） | 卡上画了 0 个系别、服务端给的是 2 个：[] | 卡上没画出「恶系」（卡上只有 []） | 卡上没画出「翼系」（卡上只有 []） | 卡上画了 0 个系别、服务端给的是 2 个：[] | 卡上没画
[box-acceptance] ✔ 39-换技能要真的实装（存进开局那一页读的那份记录） [反证] ① 记录里根本没这一只 ② 存下来的是页面预选那份（不是玩家挑的） ③ 保存后不说清会带进对局 —— 三种坏样本都要被同一条判据抓住 → 开局那一页读的那份记录里没有这一只（换技能没实装） | 保存之后要说清"开局那一页会带上这四个"，实际状态行「已保存。」
[box-acceptance] ✔ 39-换技能要真的实装（存进开局那一页读的那份记录） [反证] 存下来的四个与玩家挑的不是同一组（差一个）也必须被抓住 → 存下来的与玩家挑的不一致：挑了 ["skill_000273","skill_000286","skill_000340","skill_000624"]，存的是 ["skill_000624","skill_000340","skill_000286","skill_000273"]
[box-acceptance] ✔ 41-官方立绘：有图的画图、没图的照旧 emoji [反证] ① 有 art=true 却不画图 ② 图画了但没加载出来（naturalWidth=0）③ 没图的卡留了空框 —— 三种坏样本都要被同一条判据抓住 → 带 art=true 的卡有 1 张，屏幕上却只有 0 个立绘 img | 1 张立绘没加载出来（naturalWidth/Height 是 0）：[{"src":"x","w":0,"h":0}] | 没立绘的卡应当照旧画 emoji：期望 23 个，实际 0
[box-acceptance] 截图 10 张 → reports/roco/box-acceptance/
[box-acceptance] 判据 41/41 通过；反证 27/27 命中
[box-acceptance] 报告 → reports/roco/box-acceptance/browser-box-acceptance.json
[box-acceptance] 全部通过
