✔ three independent receipts reduce routine coaching; helped actions do not prove mastery (1.527125ms)
✔ dismissals persist with source and suppress only routine reminders (0.084292ms)
✔ context assembly trims to an explicit budget, preserves current facts and does not mutate the archive (7.168417ms)
✔ RAG citations fail closed on deleted IDs and wrong rules version; applicability is explicit (7.36375ms)
✔ trained policy obeys hard constraints on all state combinations and differs from zero initialization (0.695041ms)
✔ paired simulator does not credit hints for actions already correct without coaching (0.308167ms)
✔ unsupported numeric claims and certainty are rejected while grounded comparisons pass (0.926166ms)
✔ watch registration is bounded, cancelled explicitly, and never crosses matches or PVP (5.632083ms)
✔ reminder validity is answered from the archive (0 model calls), not improvised (0.866541ms)
✔ parametric practice includes faster, slower and ties with engine-aligned answers (0.326125ms)
✔ watch clarification does not inherit previous review topic (0.411083ms)
✔ corrupt archive fails closed and old rules never receive current-rule counterfactuals (7.141083ms)
✔ review alternatives use the decision snapshot and never the actual future enemy action (15.007292ms)
✔ slow results cannot cross an action, match, rules version or expiry boundary (0.099ms)
✔ invalid model numbers and network errors fall back with the original state token (14.722167ms)
✖ direct skill facts use generated engine knowledge and preserve follow-up evidence (0.564875ms)
✔ colloquial help at replacement sees public state and ranks only living reserves (8.591792ms)
✔ analysis after a match invokes model with whole-match evidence rather than canned companion reply (17.026333ms)
✔ context assembly retains the just-finished turn for colloquial battle questions (8.491209ms)
✔ model length fallback never claims the template was generated by DeepSeek (15.294541ms)
✔ client sends whole-match requests to connected backend instead of intercepting review topic (15.903125ms)
✔ automatic and manual requests share a queue rather than forcing a busy fallback (12.143042ms)
✔ five energy must not be described as full energy (0.185041ms)
✔ automatic review prompt stays whole-match even when its instructions mention single-turn scores (15.410292ms)
✔ numeric guard normalizes decimal formatting without dropping sign (0.060917ms)
✔ match grounding rejects damage assigned to an explicitly cancelled turn (0.176541ms)
✔ generation instructions are not saved as the player message (15.141791ms)
✔ state invalidation aborts active work and discards queued old requests (0.158792ms)
✔ same-state requests merge, cache clones, and epoch clears cache (0.088084ms)
✔ tool contracts reject unknown parameters and return bounded evidence pages (14.512792ms)
✔ branch simulation covers both tie orders without mutation or hidden seed dependence (0.617584ms)
✔ teacher no longer gives stat-point advice (that system is gone) but still reads preferences (0.14775ms)
✔ transfer assessment excludes prompted actions and requires different matches and situations (0.473042ms)
✔ guard binds remaining HP to after snapshot and rejects observing simultaneous opponent action first (0.213875ms)
✔ item-name drift is rejected even when every number is grounded (0.045958ms)
✔ evidence trimmed out of the prompt is still retrievable from the archive (17.847542ms)
✔ an action recorded as cancelled cannot be described as having hit (0.105334ms)
✔ guards do not fire on negated certainty or on numbers quoted from a knowledge card (0.057625ms)
✔ a slow model answer is aborted when the player acts first, so no stale text is delivered (365.957541ms)
✔ after a fast action only the newest position is delivered (147.997334ms)
✔ the same position asked twice is merged into one upstream call (no duplicate delivery) (145.826833ms)
✔ three rapid actions in a row deliver exactly one answer: the last one (129.183833ms)
✔ the client layer never speaks: no speech call exists on the answer path (3.781833ms)
✔ a slow answer that arrives after the deadline is not resurrected (807.177292ms)
▶ real provider transport failure yields HTTP error, then an honest local companion fallback
  ✔ fallback memory retains only the original player question (0.266125ms)
  ✔ fallback status describes the actual local response without an elapsed-time claim (0.067208ms)
  ✔ two actual HTTP session failures do not promise an ongoing reconnect (6.870375ms)
  ✔ cancelling an in-flight transport remains AbortError, not a fallback answer (5.805583ms)
✔ real provider transport failure yields HTTP error, then an honest local companion fallback (51.842083ms)
ℹ tests 49
ℹ suites 0
ℹ pass 48
ℹ fail 1
ℹ cancelled 0
ℹ skipped 0
ℹ todo 0
ℹ duration_ms 1653.163458

✖ failing tests:

test at tests/evals/agent.test.js:154:1
✖ direct skill facts use generated engine knowledge and preserve follow-up evidence (0.564875ms)
  AssertionError [ERR_ASSERTION]: The input did not match the regular expression /消耗4豆/. Input:
  
  '蓄能放电：消耗4能量，基础威力40（不是最终伤害），行动优先级0。高消耗雷系爆发，注意后续能量。'
  
      at TestContext.<anonymous> (file:///Users/serendizc/Codex/Internship/work/roco-quality-20261006/tests/evals/agent.test.js:156:39)
      at async Test.run (node:internal/test_runner/test:1404:7)
      at async Test.processPendingSubtests (node:internal/test_runner/test:969:7) {
    generatedMessage: true,
    code: 'ERR_ASSERTION',
    actual: '蓄能放电：消耗4能量，基础威力40（不是最终伤害），行动优先级0。高消耗雷系爆发，注意后续能量。',
    expected: /消耗4豆/,
    operator: 'match',
    diff: 'simple'
  }
