✔ a slow model answer is aborted when the player acts first, so no stale text is delivered (366.477791ms)
✔ after a fast action only the newest position is delivered (150.640208ms)
✔ the same position asked twice is merged into one upstream call (no duplicate delivery) (146.880875ms)
✔ three rapid actions in a row deliver exactly one answer: the last one (128.029708ms)
✔ the client layer never speaks: no speech call exists on the answer path (3.450959ms)
✔ a slow answer that arrives after the deadline is not resurrected (807.576708ms)
▶ real provider transport failure yields HTTP error, then an honest local companion fallback
  ✔ fallback memory retains only the original player question (0.264042ms)
  ✔ fallback status describes the actual local response without an elapsed-time claim (0.056958ms)
  ✔ two actual HTTP session failures do not promise an ongoing reconnect (6.853791ms)
  ✔ cancelling an in-flight transport remains AbortError, not a fallback answer (5.3935ms)
✔ real provider transport failure yields HTTP error, then an honest local companion fallback (51.691416ms)
ℹ tests 11
ℹ suites 0
ℹ pass 11
ℹ fail 0
ℹ cancelled 0
ℹ skipped 0
ℹ todo 0
ℹ duration_ms 1656.276375
