$ node scripts/roco/demo-acceptance.mjs
# started: 2026-09-20T19:14:11Z
[demo-acceptance] ✔ 页面没有聊天入口（无 #chat-input / #chat-form / textarea） — {"chat":false,"coachApi":false,"textareas":0}
[demo-acceptance] ✔ 开局后页面拿到公开局面 
[demo-acceptance] ✔ 合法动作渲染成按钮（不只是文字） 
[demo-acceptance] ✔ 打危险了之后出现主动短提示（无聊天入口） — hint=micro_hint action=micro_hint 血量比=0.39 自动推进=2 判定={"gate":null,"action":"micro_hint","reason":"moderate-risk","value":1.5,"floor":1.2,"decisive":false,"budget":null}
[demo-acceptance] ✔ 提示给的是可执行建议，并说明依据 — 可以优先考虑「龙吼」，注意对方可能换上第3位（最坏尾部 0.41 ~ 0.41） / 依据：moderate-risk
[demo-acceptance] ✔ 展开里有可核对的搜索证据（区间、分支、分析种子） — 期望区间：0.77 ~ 0.82（均值 0.80） 搜索：90 个分支 · 深度 2 · 分析种子 11/29/47 对手应对：换上第3位（是启发式建模，不是真人行为） 
[demo-acceptance] ✔ 提示不把胜率当结论、也不承诺必胜 — 可以优先考虑「龙吼」，注意对方可能换上第3位（最坏尾部 0.41 ~ 0.41）期望区间：0.77 ~ 0.82（均值 0.80） 搜索：90 个分支 · 深度 2 
[demo-acceptance] ✔ 点掉后该沉默的局面不再提示 — hidden=true action=silent
[demo-acceptance] ✔ 换人后旧建议不再挂在旧版本上 — 换上第2位 v10 → v15
[demo-acceptance] ✔ 换人这一手本身是引擎接受的合法动作 — 换上第2位
[demo-acceptance] ✔ 一局能真的打完（引擎给出结果） — loss
[demo-acceptance] ✔ 局末给出一个教学入口 — 第 16 回合那个决策点值得回看（这一局 16 个回合）。
[demo-acceptance] ✔ 局末教学入口在页面上真的显示了 
[demo-acceptance] ✔ 玩家抱怨时陪练先回应情绪（R2/R3） — R2: 嗯，这一局确实不顺。要复盘的话我随时在，不想说就先歇会儿。
[demo-acceptance] ✔ 页面上不出现真实对局 seed 或私有状态 
[demo-acceptance] ✔ 控制台没有报错 — []
[demo-acceptance] 结果：16 通过 / 0 失败；报告见 reports/roco/demo-acceptance/
real 5.51
user 1.35
sys 0.72
# exit=0 finished: 2026-09-20T19:14:16Z
