+0.5s chrome=0/0MB node=3/39MB python=0/0MB chrome_pids= node_pids=8512,25744,33540 py_pids=
+1.3s chrome=0/0MB node=3/39MB python=0/0MB chrome_pids= node_pids=8512,25744,33540 py_pids=
+2.1s chrome=0/0MB node=3/40MB python=0/0MB chrome_pids= node_pids=8512,25744,33540 py_pids=
+2.9s chrome=0/0MB node=3/41MB python=0/0MB chrome_pids= node_pids=8512,25744,33540 py_pids=
+3.7s chrome=0/0MB node=3/41MB python=0/0MB chrome_pids= node_pids=8512,25744,33540 py_pids=
+4.5s chrome=0/0MB node=3/41MB python=0/0MB chrome_pids= node_pids=8512,25744,33540 py_pids=
+5.3s chrome=0/0MB node=3/41MB python=0/0MB chrome_pids= node_pids=8512,25744,33540 py_pids=
+6.2s chrome=0/0MB node=3/41MB python=0/0MB chrome_pids= node_pids=8512,25744,33540 py_pids=
+7.0s chrome=0/0MB node=5/150MB python=1/8MB chrome_pids= node_pids=8512,25744,33540,29728,18500 py_pids=3708
+7.9s chrome=2/17MB node=5/154MB python=1/48MB chrome_pids=18556,33456 node_pids=8512,25744,33540,29728,18500 py_pids=3708
+8.8s chrome=9/487MB node=5/169MB python=1/49MB chrome_pids=18556,33456,31032,30240,31952,28824,17068,24900,19348 node_pids=8512,25744,33540,29728,18500 py_pids=3708
+9.7s chrome=9/556MB node=5/290MB python=1/49MB chrome_pids=18556,33456,31032,30240,31952,28824,17068,24900,19348 node_pids=8512,25744,33540,29728,18500 py_pids=3708
+10.6s chrome=9/577MB node=5/296MB python=0/0MB chrome_pids=18556,33456,31032,30240,31952,28824,17068,24900,19348 node_pids=8512,25744,33540,29728,18500 py_pids=
+11.4s chrome=0/0MB node=3/41MB python=0/0MB chrome_pids= node_pids=8512,25744,33540 py_pids=
+12.2s chrome=0/0MB node=3/41MB python=0/0MB chrome_pids= node_pids=8512,25744,33540 py_pids=
+13.0s chrome=0/0MB node=3/41MB python=0/0MB chrome_pids= node_pids=8512,25744,33540 py_pids=
+13.8s chrome=0/0MB node=3/41MB python=0/0MB chrome_pids= node_pids=8512,25744,33540 py_pids=
+14.6s chrome=0/0MB node=3/41MB python=0/0MB chrome_pids= node_pids=8512,25744,33540 py_pids=
+15.4s chrome=0/0MB node=3/41MB python=0/0MB chrome_pids= node_pids=8512,25744,33540 py_pids=
+16.2s chrome=0/0MB node=3/41MB python=0/0MB chrome_pids= node_pids=8512,25744,33540 py_pids=
+17.1s chrome=0/0MB node=3/41MB python=0/0MB chrome_pids= node_pids=8512,25744,33540 py_pids=
+17.8s chrome=0/0MB node=3/41MB python=0/0MB chrome_pids= node_pids=8512,25744,33540 py_pids=
+18.6s chrome=0/0MB node=3/42MB python=0/0MB chrome_pids= node_pids=8512,25744,33540 py_pids=
+19.4s chrome=0/0MB node=3/42MB python=0/0MB chrome_pids= node_pids=8512,25744,33540 py_pids=
+20.3s chrome=0/0MB node=3/42MB python=0/0MB chrome_pids= node_pids=8512,25744,33540 py_pids=
+21.1s chrome=0/0MB node=3/42MB python=0/0MB chrome_pids= node_pids=8512,25744,33540 py_pids=
+21.9s chrome=0/0MB node=3/42MB python=0/0MB chrome_pids= node_pids=8512,25744,33540 py_pids=
+22.7s chrome=0/0MB node=3/42MB python=0/0MB chrome_pids= node_pids=8512,25744,33540 py_pids=
+23.5s chrome=0/0MB node=3/42MB python=0/0MB chrome_pids= node_pids=8512,25744,33540 py_pids=
+24.3s chrome=0/0MB node=3/42MB python=0/0MB chrome_pids= node_pids=8512,25744,33540 py_pids=
+25.1s chrome=0/0MB node=3/42MB python=0/0MB chrome_pids= node_pids=8512,25744,33540 py_pids=
+25.9s chrome=0/0MB node=3/42MB python=0/0MB chrome_pids= node_pids=8512,25744,33540 py_pids=
+26.7s chrome=0/0MB node=3/42MB python=0/0MB chrome_pids= node_pids=8512,25744,33540 py_pids=
+27.5s chrome=0/0MB node=3/42MB python=0/0MB chrome_pids= node_pids=8512,25744,33540 py_pids=
+28.3s chrome=0/0MB node=3/42MB python=0/0MB chrome_pids= node_pids=8512,25744,33540 py_pids=
+29.1s chrome=0/0MB node=3/42MB python=0/0MB chrome_pids= node_pids=8512,25744,33540 py_pids=
+29.9s chrome=0/0MB node=3/42MB python=0/0MB chrome_pids= node_pids=8512,25744,33540 py_pids=
+30.6s chrome=0/0MB node=3/42MB python=0/0MB chrome_pids= node_pids=8512,25744,33540 py_pids=
+31.4s chrome=0/0MB node=3/42MB python=0/0MB chrome_pids= node_pids=8512,25744,33540 py_pids=
+32.2s chrome=0/0MB node=3/42MB python=0/0MB chrome_pids= node_pids=8512,25744,33540 py_pids=
+33.0s chrome=0/0MB node=3/42MB python=0/0MB chrome_pids= node_pids=8512,25744,33540 py_pids=
+33.8s chrome=0/0MB node=3/42MB python=0/0MB chrome_pids= node_pids=8512,25744,33540 py_pids=
+34.6s chrome=0/0MB node=3/42MB python=0/0MB chrome_pids= node_pids=8512,25744,33540 py_pids=
+35.4s chrome=0/0MB node=3/42MB python=0/0MB chrome_pids= node_pids=8512,25744,33540 py_pids=
+36.2s chrome=0/0MB node=3/42MB python=0/0MB chrome_pids= node_pids=8512,25744,33540 py_pids=
+37.0s chrome=0/0MB node=3/42MB python=0/0MB chrome_pids= node_pids=8512,25744,33540 py_pids=
+37.8s chrome=0/0MB node=3/42MB python=0/0MB chrome_pids= node_pids=8512,25744,33540 py_pids=
+38.6s chrome=0/0MB node=3/42MB python=0/0MB chrome_pids= node_pids=8512,25744,33540 py_pids=
+39.4s chrome=0/0MB node=3/42MB python=0/0MB chrome_pids= node_pids=8512,25744,33540 py_pids=
+40.2s chrome=0/0MB node=3/42MB python=0/0MB chrome_pids= node_pids=8512,25744,33540 py_pids=
+41.0s chrome=0/0MB node=3/42MB python=0/0MB chrome_pids= node_pids=8512,25744,33540 py_pids=
+41.8s chrome=0/0MB node=3/42MB python=0/0MB chrome_pids= node_pids=8512,25744,33540 py_pids=
+42.6s chrome=0/0MB node=3/42MB python=0/0MB chrome_pids= node_pids=8512,25744,33540 py_pids=
+43.4s chrome=0/0MB node=3/42MB python=0/0MB chrome_pids= node_pids=8512,25744,33540 py_pids=
+44.2s chrome=0/0MB node=3/42MB python=0/0MB chrome_pids= node_pids=8512,25744,33540 py_pids=
+45.0s chrome=0/0MB node=3/42MB python=0/0MB chrome_pids= node_pids=8512,25744,33540 py_pids=
monitor done at +45.3s
