[capture-art] CDN 直探 73 条：真图 26 / 兜底 37 / 没有 10（已与 cdn-probe.json 逐条对账）
  ✖ pet_000563：兜底判定与探测产物不一致（本次 missing，探测产物 fallback=true）
  ✖ pet_000564：兜底判定与探测产物不一致（本次 missing，探测产物 fallback=true）
  ✖ pet_000565：兜底判定与探测产物不一致（本次 missing，探测产物 fallback=true）
  ✖ pet_000566：兜底判定与探测产物不一致（本次 missing，探测产物 fallback=true）
  ✖ pet_000567：兜底判定与探测产物不一致（本次 missing，探测产物 fallback=true）
  ✖ pet_000568：兜底判定与探测产物不一致（本次 missing，探测产物 fallback=true）
  ✖ pet_000569：兜底判定与探测产物不一致（本次 missing，探测产物 fallback=true）
  ✖ pet_000570：兜底判定与探测产物不一致（本次 missing，探测产物 fallback=true）
  ✖ pet_000571：兜底判定与探测产物不一致（本次 missing，探测产物 fallback=true）
  ✖ pet_000572：兜底判定与探测产物不一致（本次 missing，探测产物 fallback=true）
[capture-art] ✖ 对账不符 36 条 —— 以上这些不认，先查清楚再入库
[capture-art] ✔ pet_000277 饮雪狂兽（CDN game_id=3343 → 原件 408423 字节；列表档 49545（256×256）/ 战斗档 151318（512×512））
[capture-art] ✔ pet_000397 公平鸽（CDN game_id=3499 → 原件 430502 字节；列表档 51916（256×256）/ 战斗档 161668（512×512））
[capture-art] ✔ pet_000514 加油蟹（单只海葵的样子）（CDN game_id=3743 → 原件 427217 字节；列表档 49400（256×256）/ 战斗档 153202（512×512））
[capture-art] ✔ pet_000517 睡铃雪影娃娃（CDN game_id=3746 → 原件 711295 字节；列表档 77860（256×256）/ 战斗档 251617（512×512））
[capture-art] ✔ pet_000518 莫比乌乌（CDN game_id=3747 → 原件 445560 字节；列表档 53469（256×256）/ 战斗档 172324（512×512））
[capture-art] ✔ pet_000519 克莱因龙（CDN game_id=3748 → 原件 525473 字节；列表档 58355（256×256）/ 战斗档 186754（512×512））
[capture-art] ✔ pet_000520 森豆丁（CDN game_id=3749 → 原件 419028 字节；列表档 53735（256×256）/ 战斗档 165618（512×512））
[capture-art] ✔ pet_000521 森蛮人（CDN game_id=3750 → 原件 381740 字节；列表档 48789（256×256）/ 战斗档 143890（512×512））
[capture-art] ✔ …还有 18 档
[capture-art] – pet_000562 千棘海针：**兜底图，不入库**（sha 24bffa5e7c59… 本次被 1 只共用；且与已有 pet_000545 是同一张）
[capture-art] – pet_000563 霜翼领主：**兜底图，不入库**（sha 5694ad6bfa36… 本次被 3 只共用；且与已有 pet_000547 是同一张）
[capture-art] – pet_000564 霜翼领主：**兜底图，不入库**（sha 5694ad6bfa36… 本次被 3 只共用；且与已有 pet_000547 是同一张）
[capture-art] – pet_000565 霜翼领主：**兜底图，不入库**（sha 5694ad6bfa36… 本次被 3 只共用；且与已有 pet_000547 是同一张）
[capture-art] – pet_000566 蹦蹦果：**兜底图，不入库**（sha a052ea4835ef… 本次被 3 只共用；且与已有 pet_000537 是同一张）
[capture-art] – pet_000567 蹦蹦果：**兜底图，不入库**（sha a052ea4835ef… 本次被 3 只共用；且与已有 pet_000537 是同一张）
[capture-art] – pet_000568 蹦蹦果：**兜底图，不入库**（sha a052ea4835ef… 本次被 3 只共用；且与已有 pet_000537 是同一张）
[capture-art] – pet_000569 鸭吉吉国王：**兜底图，不入库**（sha 7cddde07f2a6… 本次被 5 只共用；且与已有 pet_000539 是同一张）
[capture-art] – pet_000570 鸭吉吉国王：**兜底图，不入库**（sha 7cddde07f2a6… 本次被 5 只共用；且与已有 pet_000539 是同一张）
[capture-art] – pet_000571 鸭吉吉国王：**兜底图，不入库**（sha 7cddde07f2a6… 本次被 5 只共用；且与已有 pet_000539 是同一张）
[capture-art] – pet_000572 鸭吉吉国王：**兜底图，不入库**（sha 7cddde07f2a6… 本次被 5 只共用；且与已有 pet_000539 是同一张）
[capture-art] – pet_000573 棋契陛下：**兜底图，不入库**（sha 3bdcef794192… 本次被 6 只共用）
[capture-art] – …还有 35 只
[capture-art] 入库 26 档；跳过 47 只；清单 565 条；原件 251.7 MB / 列表档 256px 28.9 MB（565 张）/ 战斗档 512px 91.6 MB（565 张）
