✔ 长停留优先于犹豫：扫过两个选项后又停在同一个上 ≥10 秒，不说「来回看」 (5.019709ms)
✔ 长停留的门槛与克制：不足 10 秒、安静档、点掉、每局限一次、每局总上限 (4.825792ms)
✔ 指针离开选项区就不再是长停留（盯着空白处不算盯着技能看） (5.023667ms)
✔ 学过就不再教：这一课已经教过、又没有新的反证，就不再主动讲 (6.067667ms)
✔ 没学会就再教（军师联动）：3 次独立行动都不合理 → 标回未掌握，并且能说出为什么 (5.528625ms)
✔ 再教的边界：证据不够、只是被提示后做错、或者独立做对了，都不重新开课 (0.22575ms)
✔ 第一层：只叉了一次教学，教学类安静，军师类照常（不该一起哑掉） (0.189125ms)
✔ 第二层：两类都被叉掉 → 接到 adaptiveGate 上一律静默 (0.057375ms)
✔ 点掉即静音优先：本局点掉之后，无论教没教过、有没有再教证据都不再开口 (4.754667ms)
✔ 军师的兜底正文要摆出**两种走法各自的结果**（目标 ②），且数字与证据逐字一致 (12.255333ms)
✔ every id app.js looks up is declared in the HTML or created by app.js itself (1.771125ms)
✔ app.js dead functions are reported, not silently ignored (4.4275ms)
✔ every capability the interview asks for has an entry point wired (0.270875ms)
✔ 异常路径不许让 busy 卡住：busy=true 必须紧贴 try，finally 第一句必须放掉它 (0.193583ms)
✔ 看门狗不许有任何能永远挡住自己的前置条件 (0.150542ms)
✔ 教练记账绝不允许把一步棋卡死 (0.072875ms)
✔ 记账必须带上出招前的局面，否则「残血习惯」永远是 0 样本 (0.084583ms)
✔ 营地上下文必须带上「当前选的三只」：否则「我这套阵容」查不到引擎 (0.06525ms)
✔ 小芽入口在首页必须去同一个地方（没有进行中的对局时） (0.125959ms)
✔ 每个页面都挂「这一页是旧代码」探测器，且它与服务端事实同源 (2.146375ms)
✔ 服务端诊断面必须报出进程启动时刻与资源清单规模 (0.331541ms)
✔ 小芽页的名单来自手游盒子，且拿不到时绝不退回 MVP 那三只 (0.177542ms)
ℹ tests 1711
ℹ suites 0
ℹ pass 1711
ℹ fail 0
ℹ cancelled 0
ℹ skipped 0
ℹ todo 0
ℹ duration_ms 209543.962
